[2.135s] Invoking command in '/home/kisangpark/ros2_ws/src/my_robot': PYTHONPATH=/home/kisangpark/ros2_ws/build/my_robot/prefix_override:/usr/lib/python3/dist-packages/colcon_core/task/python/colcon_distutils_commands:/home/kisangpark/ros2_ws/install/my_robot/lib/python3.10/site-packages:${PYTHONPATH} /usr/bin/python3 -W ignore:setup.py install is deprecated -W ignore:easy_install command is deprecated setup.py egg_info --egg-base ../../build/my_robot build --build-base /home/kisangpark/ros2_ws/build/my_robot/build install --record /home/kisangpark/ros2_ws/build/my_robot/install.log --install-scripts $base/lib/my_robot --single-version-externally-managed install_data
[2.732s] /usr/lib/python3/dist-packages/setuptools/dist.py:723: UserWarning: Usage of dash-separated 'script-dir' will not be supported in future versions. Please use the underscore name 'script_dir' instead
[2.732s]   warnings.warn(
[2.757s] running egg_info
[2.761s] writing ../../build/my_robot/my_robot.egg-info/PKG-INFO
[2.762s] writing dependency_links to ../../build/my_robot/my_robot.egg-info/dependency_links.txt
[2.763s] writing entry points to ../../build/my_robot/my_robot.egg-info/entry_points.txt
[2.763s] writing requirements to ../../build/my_robot/my_robot.egg-info/requires.txt
[2.764s] writing top-level names to ../../build/my_robot/my_robot.egg-info/top_level.txt
[2.767s] reading manifest file '../../build/my_robot/my_robot.egg-info/SOURCES.txt'
[2.770s] writing manifest file '../../build/my_robot/my_robot.egg-info/SOURCES.txt'
[2.771s] running build
[2.772s] running build_py
[2.774s] running install
[2.775s] running install_lib
[2.778s] running install_data
[2.781s] copying launch/world_test.launch.py -> /home/kisangpark/ros2_ws/install/my_robot/share/my_robot/launch
[2.782s] running install_egg_info
[2.786s] removing '/home/kisangpark/ros2_ws/install/my_robot/lib/python3.10/site-packages/my_robot-0.0.0-py3.10.egg-info' (and everything under it)
[2.786s] Copying ../../build/my_robot/my_robot.egg-info to /home/kisangpark/ros2_ws/install/my_robot/lib/python3.10/site-packages/my_robot-0.0.0-py3.10.egg-info
[2.789s] running install_scripts
[2.820s] Installing image_processor script to /home/kisangpark/ros2_ws/install/my_robot/lib/my_robot
[2.822s] writing list of installed files to '/home/kisangpark/ros2_ws/build/my_robot/install.log'
[2.870s] Invoked command in '/home/kisangpark/ros2_ws/src/my_robot' returned '0': PYTHONPATH=/home/kisangpark/ros2_ws/build/my_robot/prefix_override:/usr/lib/python3/dist-packages/colcon_core/task/python/colcon_distutils_commands:/home/kisangpark/ros2_ws/install/my_robot/lib/python3.10/site-packages:${PYTHONPATH} /usr/bin/python3 -W ignore:setup.py install is deprecated -W ignore:easy_install command is deprecated setup.py egg_info --egg-base ../../build/my_robot build --build-base /home/kisangpark/ros2_ws/build/my_robot/build install --record /home/kisangpark/ros2_ws/build/my_robot/install.log --install-scripts $base/lib/my_robot --single-version-externally-managed install_data
