running egg_info
writing ../build/my_robot/my_robot.egg-info/PKG-INFO
writing dependency_links to ../build/my_robot/my_robot.egg-info/dependency_links.txt
writing entry points to ../build/my_robot/my_robot.egg-info/entry_points.txt
writing requirements to ../build/my_robot/my_robot.egg-info/requires.txt
writing top-level names to ../build/my_robot/my_robot.egg-info/top_level.txt
reading manifest file '../build/my_robot/my_robot.egg-info/SOURCES.txt'
writing manifest file '../build/my_robot/my_robot.egg-info/SOURCES.txt'
running build
running build_py
running install
running install_lib
running install_data
copying urdf/my_robot_2.xacro -> /home/inhwan/ros2_ws1/src/install/my_robot/share/my_robot/urdf
running install_egg_info
removing '/home/inhwan/ros2_ws1/src/install/my_robot/lib/python3.8/site-packages/my_robot-0.0.0-py3.8.egg-info' (and everything under it)
Copying ../build/my_robot/my_robot.egg-info to /home/inhwan/ros2_ws1/src/install/my_robot/lib/python3.8/site-packages/my_robot-0.0.0-py3.8.egg-info
running install_scripts
Installing four_wheel_control script to /home/inhwan/ros2_ws1/src/install/my_robot/lib/my_robot
writing list of installed files to '/home/inhwan/ros2_ws1/src/build/my_robot/install.log'
