[0.812s] Invoking command in '/home/inhwan/ros2_ws1/src/four_wheel_robot': PYTHONPATH=/home/inhwan/ros2_ws1/src/build/four_wheel_robot/prefix_override:/usr/lib/python3/dist-packages/colcon_core/task/python/colcon_distutils_commands:/home/inhwan/ros2_ws1/src/install/four_wheel_robot/lib/python3.8/site-packages:${PYTHONPATH} /usr/bin/python3 -W ignore:setup.py install is deprecated -W ignore:easy_install command is deprecated setup.py egg_info --egg-base ../build/four_wheel_robot build --build-base /home/inhwan/ros2_ws1/src/build/four_wheel_robot/build install --record /home/inhwan/ros2_ws1/src/build/four_wheel_robot/install.log --install-scripts $base/lib/4_wheel_robot --single-version-externally-managed install_data
[0.968s] running egg_info
[0.968s] writing ../build/four_wheel_robot/four_wheel_robot.egg-info/PKG-INFO
[0.969s] writing dependency_links to ../build/four_wheel_robot/four_wheel_robot.egg-info/dependency_links.txt
[0.969s] writing entry points to ../build/four_wheel_robot/four_wheel_robot.egg-info/entry_points.txt
[0.969s] writing requirements to ../build/four_wheel_robot/four_wheel_robot.egg-info/requires.txt
[0.969s] writing top-level names to ../build/four_wheel_robot/four_wheel_robot.egg-info/top_level.txt
[0.992s] reading manifest file '../build/four_wheel_robot/four_wheel_robot.egg-info/SOURCES.txt'
[0.993s] writing manifest file '../build/four_wheel_robot/four_wheel_robot.egg-info/SOURCES.txt'
[0.993s] running build
[0.993s] running build_py
[0.993s] running install
[0.994s] running install_lib
[0.995s] running install_data
[0.995s] running install_egg_info
[0.996s] removing '/home/inhwan/ros2_ws1/src/install/four_wheel_robot/lib/python3.8/site-packages/four_wheel_robot-0.0.0-py3.8.egg-info' (and everything under it)
[0.996s] Copying ../build/four_wheel_robot/four_wheel_robot.egg-info to /home/inhwan/ros2_ws1/src/install/four_wheel_robot/lib/python3.8/site-packages/four_wheel_robot-0.0.0-py3.8.egg-info
[0.997s] running install_scripts
[1.008s] Installing robot_1_controller script to /home/inhwan/ros2_ws1/src/install/four_wheel_robot/lib/4_wheel_robot
[1.009s] writing list of installed files to '/home/inhwan/ros2_ws1/src/build/four_wheel_robot/install.log'
