[1.523s] Invoking command in '/home/kisangpark/ros2_ws/src/my_robot': PYTHONPATH=/home/kisangpark/ros2_ws/build/my_robot/prefix_override:/usr/lib/python3/dist-packages/colcon_core/task/python/colcon_distutils_commands:/home/kisangpark/ros2_ws/install/my_robot/lib/python3.10/site-packages:${PYTHONPATH} /usr/bin/python3 -W ignore:setup.py install is deprecated -W ignore:easy_install command is deprecated setup.py egg_info --egg-base ../../build/my_robot build --build-base /home/kisangpark/ros2_ws/build/my_robot/build install --record /home/kisangpark/ros2_ws/build/my_robot/install.log --install-scripts $base/lib/my_robot --single-version-externally-managed install_data
[1.983s] /usr/lib/python3/dist-packages/setuptools/dist.py:723: UserWarning: Usage of dash-separated 'script-dir' will not be supported in future versions. Please use the underscore name 'script_dir' instead
[1.983s]   warnings.warn(
[1.995s] running egg_info
[1.995s] writing ../../build/my_robot/my_robot.egg-info/PKG-INFO
[1.996s] writing dependency_links to ../../build/my_robot/my_robot.egg-info/dependency_links.txt
[1.997s] writing entry points to ../../build/my_robot/my_robot.egg-info/entry_points.txt
[1.997s] writing requirements to ../../build/my_robot/my_robot.egg-info/requires.txt
[1.997s] writing top-level names to ../../build/my_robot/my_robot.egg-info/top_level.txt
[2.000s] reading manifest file '../../build/my_robot/my_robot.egg-info/SOURCES.txt'
[2.001s] writing manifest file '../../build/my_robot/my_robot.egg-info/SOURCES.txt'
[2.001s] running build
[2.001s] running build_py
[2.003s] running install
[2.003s] running install_lib
[2.004s] running install_data
[2.004s] running install_egg_info
[2.007s] removing '/home/kisangpark/ros2_ws/install/my_robot/lib/python3.10/site-packages/my_robot-0.0.0-py3.10.egg-info' (and everything under it)
[2.007s] Copying ../../build/my_robot/my_robot.egg-info to /home/kisangpark/ros2_ws/install/my_robot/lib/python3.10/site-packages/my_robot-0.0.0-py3.10.egg-info
[2.008s] running install_scripts
[2.054s] Installing image_processor script to /home/kisangpark/ros2_ws/install/my_robot/lib/my_robot
[2.055s] writing list of installed files to '/home/kisangpark/ros2_ws/build/my_robot/install.log'
[2.127s] Invoked command in '/home/kisangpark/ros2_ws/src/my_robot' returned '0': PYTHONPATH=/home/kisangpark/ros2_ws/build/my_robot/prefix_override:/usr/lib/python3/dist-packages/colcon_core/task/python/colcon_distutils_commands:/home/kisangpark/ros2_ws/install/my_robot/lib/python3.10/site-packages:${PYTHONPATH} /usr/bin/python3 -W ignore:setup.py install is deprecated -W ignore:easy_install command is deprecated setup.py egg_info --egg-base ../../build/my_robot build --build-base /home/kisangpark/ros2_ws/build/my_robot/build install --record /home/kisangpark/ros2_ws/build/my_robot/install.log --install-scripts $base/lib/my_robot --single-version-externally-managed install_data
