running egg_info
creating ../build/gazebo_tutorial/gazebo_tutorial.egg-info
writing ../build/gazebo_tutorial/gazebo_tutorial.egg-info/PKG-INFO
writing dependency_links to ../build/gazebo_tutorial/gazebo_tutorial.egg-info/dependency_links.txt
writing entry points to ../build/gazebo_tutorial/gazebo_tutorial.egg-info/entry_points.txt
writing requirements to ../build/gazebo_tutorial/gazebo_tutorial.egg-info/requires.txt
writing top-level names to ../build/gazebo_tutorial/gazebo_tutorial.egg-info/top_level.txt
writing manifest file '../build/gazebo_tutorial/gazebo_tutorial.egg-info/SOURCES.txt'
reading manifest file '../build/gazebo_tutorial/gazebo_tutorial.egg-info/SOURCES.txt'
writing manifest file '../build/gazebo_tutorial/gazebo_tutorial.egg-info/SOURCES.txt'
running build
running build_py
creating /home/inhwan/ros2_ws1/src/build/gazebo_tutorial/build
creating /home/inhwan/ros2_ws1/src/build/gazebo_tutorial/build/lib
creating /home/inhwan/ros2_ws1/src/build/gazebo_tutorial/build/lib/gazebo_tutorial
copying gazebo_tutorial/__init__.py -> /home/inhwan/ros2_ws1/src/build/gazebo_tutorial/build/lib/gazebo_tutorial
copying gazebo_tutorial/controller.py -> /home/inhwan/ros2_ws1/src/build/gazebo_tutorial/build/lib/gazebo_tutorial
copying gazebo_tutorial/perplexity_reference.py -> /home/inhwan/ros2_ws1/src/build/gazebo_tutorial/build/lib/gazebo_tutorial
running install
running install_lib
creating /home/inhwan/ros2_ws1/src/install/gazebo_tutorial/lib/python3.8/site-packages/gazebo_tutorial
copying /home/inhwan/ros2_ws1/src/build/gazebo_tutorial/build/lib/gazebo_tutorial/__init__.py -> /home/inhwan/ros2_ws1/src/install/gazebo_tutorial/lib/python3.8/site-packages/gazebo_tutorial
copying /home/inhwan/ros2_ws1/src/build/gazebo_tutorial/build/lib/gazebo_tutorial/controller.py -> /home/inhwan/ros2_ws1/src/install/gazebo_tutorial/lib/python3.8/site-packages/gazebo_tutorial
copying /home/inhwan/ros2_ws1/src/build/gazebo_tutorial/build/lib/gazebo_tutorial/perplexity_reference.py -> /home/inhwan/ros2_ws1/src/install/gazebo_tutorial/lib/python3.8/site-packages/gazebo_tutorial
byte-compiling /home/inhwan/ros2_ws1/src/install/gazebo_tutorial/lib/python3.8/site-packages/gazebo_tutorial/__init__.py to __init__.cpython-38.pyc
byte-compiling /home/inhwan/ros2_ws1/src/install/gazebo_tutorial/lib/python3.8/site-packages/gazebo_tutorial/controller.py to controller.cpython-38.pyc
byte-compiling /home/inhwan/ros2_ws1/src/install/gazebo_tutorial/lib/python3.8/site-packages/gazebo_tutorial/perplexity_reference.py to perplexity_reference.cpython-38.pyc
running install_data
creating /home/inhwan/ros2_ws1/src/install/gazebo_tutorial/share/ament_index
creating /home/inhwan/ros2_ws1/src/install/gazebo_tutorial/share/ament_index/resource_index
creating /home/inhwan/ros2_ws1/src/install/gazebo_tutorial/share/ament_index/resource_index/packages
copying resource/gazebo_tutorial -> /home/inhwan/ros2_ws1/src/install/gazebo_tutorial/share/ament_index/resource_index/packages
copying package.xml -> /home/inhwan/ros2_ws1/src/install/gazebo_tutorial/share/gazebo_tutorial
creating /home/inhwan/ros2_ws1/src/install/gazebo_tutorial/share/gazebo_tutorial/launch
copying launch/full.launch.py -> /home/inhwan/ros2_ws1/src/install/gazebo_tutorial/share/gazebo_tutorial/launch
copying launch/no_control.launch.py -> /home/inhwan/ros2_ws1/src/install/gazebo_tutorial/share/gazebo_tutorial/launch
copying launch/server_client.launch.py -> /home/inhwan/ros2_ws1/src/install/gazebo_tutorial/share/gazebo_tutorial/launch
copying launch/xacro_load.launch.py -> /home/inhwan/ros2_ws1/src/install/gazebo_tutorial/share/gazebo_tutorial/launch
creating /home/inhwan/ros2_ws1/src/install/gazebo_tutorial/share/gazebo_tutorial/vision60
copying vision60/vision60_single.urdf -> /home/inhwan/ros2_ws1/src/install/gazebo_tutorial/share/gazebo_tutorial/vision60
copying vision60/vision60_double.xacro -> /home/inhwan/ros2_ws1/src/install/gazebo_tutorial/share/gazebo_tutorial/vision60
copying vision60/plugin_control.xacro -> /home/inhwan/ros2_ws1/src/install/gazebo_tutorial/share/gazebo_tutorial/vision60
running install_egg_info
Copying ../build/gazebo_tutorial/gazebo_tutorial.egg-info to /home/inhwan/ros2_ws1/src/install/gazebo_tutorial/lib/python3.8/site-packages/gazebo_tutorial-0.0.0-py3.8.egg-info
running install_scripts
Installing controller script to /home/inhwan/ros2_ws1/src/install/gazebo_tutorial/lib/gazebo_tutorial
writing list of installed files to '/home/inhwan/ros2_ws1/src/build/gazebo_tutorial/install.log'
