running develop
running egg_info
writing omni_wheel.egg-info/PKG-INFO
writing dependency_links to omni_wheel.egg-info/dependency_links.txt
writing entry points to omni_wheel.egg-info/entry_points.txt
writing requirements to omni_wheel.egg-info/requires.txt
writing top-level names to omni_wheel.egg-info/top_level.txt
reading manifest file 'omni_wheel.egg-info/SOURCES.txt'
writing manifest file 'omni_wheel.egg-info/SOURCES.txt'
running build_ext
Creating /home/kisangpark/ros2_ws/install/omni_wheel/lib/python3.10/site-packages/omni-wheel.egg-link (link to .)
Installing controller script to /home/kisangpark/ros2_ws/install/omni_wheel/lib/omni_wheel

Installed /home/kisangpark/ros2_ws/build/omni_wheel
running symlink_data
symbolically linking /home/kisangpark/ros2_ws/build/omni_wheel/resource/omni_wheel -> /home/kisangpark/ros2_ws/install/omni_wheel/share/ament_index/resource_index/packages
symbolically linking /home/kisangpark/ros2_ws/build/omni_wheel/package.xml -> /home/kisangpark/ros2_ws/install/omni_wheel/share/omni_wheel
symbolically linking /home/kisangpark/ros2_ws/build/omni_wheel/launch/xacro_load.launch.py -> /home/kisangpark/ros2_ws/install/omni_wheel/share/omni_wheel/launch
symbolically linking /home/kisangpark/ros2_ws/build/omni_wheel/launch/full.launch.py -> /home/kisangpark/ros2_ws/install/omni_wheel/share/omni_wheel/launch
symbolically linking /home/kisangpark/ros2_ws/build/omni_wheel/launch/no_control.launch.py -> /home/kisangpark/ros2_ws/install/omni_wheel/share/omni_wheel/launch
symbolically linking /home/kisangpark/ros2_ws/build/omni_wheel/xacro/lidar.xacro -> /home/kisangpark/ros2_ws/install/omni_wheel/share/omni_wheel/xacro
symbolically linking /home/kisangpark/ros2_ws/build/omni_wheel/xacro/omni_wheel.xacro -> /home/kisangpark/ros2_ws/install/omni_wheel/share/omni_wheel/xacro
