[3.043s] Invoking command in '/home/kisangpark/ros2_ws/build/omni_wheel': PYTHONPATH=/home/kisangpark/ros2_ws/build/omni_wheel/prefix_override:/usr/lib/python3/dist-packages/colcon_core/task/python/colcon_distutils_commands:/home/kisangpark/ros2_ws/install/omni_wheel/lib/python3.10/site-packages:${PYTHONPATH} /usr/bin/python3 -W ignore:setup.py install is deprecated -W ignore:easy_install command is deprecated setup.py develop --editable --build-directory /home/kisangpark/ros2_ws/build/omni_wheel/build --no-deps symlink_data --force
[4.322s] running develop
[5.177s] running egg_info
[5.178s] writing omni_wheel.egg-info/PKG-INFO
[5.179s] writing dependency_links to omni_wheel.egg-info/dependency_links.txt
[5.181s] writing entry points to omni_wheel.egg-info/entry_points.txt
[5.181s] writing requirements to omni_wheel.egg-info/requires.txt
[5.182s] writing top-level names to omni_wheel.egg-info/top_level.txt
[5.193s] reading manifest file 'omni_wheel.egg-info/SOURCES.txt'
[5.194s] writing manifest file 'omni_wheel.egg-info/SOURCES.txt'
[5.201s] running build_ext
[5.202s] Creating /home/kisangpark/ros2_ws/install/omni_wheel/lib/python3.10/site-packages/omni-wheel.egg-link (link to .)
[5.209s] Installing controller script to /home/kisangpark/ros2_ws/install/omni_wheel/lib/omni_wheel
[5.215s] 
[5.216s] Installed /home/kisangpark/ros2_ws/build/omni_wheel
[5.216s] running symlink_data
[5.218s] symbolically linking /home/kisangpark/ros2_ws/build/omni_wheel/resource/omni_wheel -> /home/kisangpark/ros2_ws/install/omni_wheel/share/ament_index/resource_index/packages
[5.219s] symbolically linking /home/kisangpark/ros2_ws/build/omni_wheel/package.xml -> /home/kisangpark/ros2_ws/install/omni_wheel/share/omni_wheel
[5.219s] symbolically linking /home/kisangpark/ros2_ws/build/omni_wheel/launch/xacro_load.launch.py -> /home/kisangpark/ros2_ws/install/omni_wheel/share/omni_wheel/launch
[5.220s] symbolically linking /home/kisangpark/ros2_ws/build/omni_wheel/launch/full.launch.py -> /home/kisangpark/ros2_ws/install/omni_wheel/share/omni_wheel/launch
[5.221s] symbolically linking /home/kisangpark/ros2_ws/build/omni_wheel/launch/no_control.launch.py -> /home/kisangpark/ros2_ws/install/omni_wheel/share/omni_wheel/launch
[5.223s] symbolically linking /home/kisangpark/ros2_ws/build/omni_wheel/xacro/lidar.xacro -> /home/kisangpark/ros2_ws/install/omni_wheel/share/omni_wheel/xacro
[5.224s] symbolically linking /home/kisangpark/ros2_ws/build/omni_wheel/xacro/omni_wheel.xacro -> /home/kisangpark/ros2_ws/install/omni_wheel/share/omni_wheel/xacro
[5.328s] Invoked command in '/home/kisangpark/ros2_ws/build/omni_wheel' returned '0': PYTHONPATH=/home/kisangpark/ros2_ws/build/omni_wheel/prefix_override:/usr/lib/python3/dist-packages/colcon_core/task/python/colcon_distutils_commands:/home/kisangpark/ros2_ws/install/omni_wheel/lib/python3.10/site-packages:${PYTHONPATH} /usr/bin/python3 -W ignore:setup.py install is deprecated -W ignore:easy_install command is deprecated setup.py develop --editable --build-directory /home/kisangpark/ros2_ws/build/omni_wheel/build --no-deps symlink_data --force
