[1.305s] DEBUG:colcon:Command line arguments: ['/usr/bin/colcon', 'build', '--packages-select', 'omni_wheel']
[1.305s] DEBUG:colcon:Parsed command line arguments: Namespace(log_base=None, log_level=None, verb_name='build', build_base='build', install_base='install', merge_install=False, symlink_install=False, test_result_base=None, continue_on_error=False, executor='parallel', parallel_workers=2, event_handlers=None, ignore_user_meta=False, metas=['./colcon.meta'], base_paths=['.'], packages_ignore=None, packages_ignore_regex=None, paths=None, packages_up_to=None, packages_up_to_regex=None, packages_above=None, packages_above_and_dependencies=None, packages_above_depth=None, packages_select_by_dep=None, packages_skip_by_dep=None, packages_skip_up_to=None, packages_select_build_failed=False, packages_skip_build_finished=False, packages_select_test_failures=False, packages_skip_test_passed=False, packages_select=['omni_wheel'], packages_skip=None, packages_select_regex=None, packages_skip_regex=None, packages_start=None, packages_end=None, allow_overriding=[], cmake_args=None, cmake_target=None, cmake_target_skip_unavailable=False, cmake_clean_cache=False, cmake_clean_first=False, cmake_force_configure=False, ament_cmake_args=None, catkin_cmake_args=None, catkin_skip_building_tests=False, mixin_files=None, mixin=None, verb_parser=<colcon_mixin.mixin.mixin_argument.MixinArgumentDecorator object at 0x704450c59bd0>, verb_extension=<colcon_core.verb.build.BuildVerb object at 0x704450dd7340>, main=<bound method BuildVerb.main of <colcon_core.verb.build.BuildVerb object at 0x704450dd7340>>, mixin_verb=('build',))
[3.072s] Level 1:colcon.colcon_core.package_discovery:discover_packages(colcon_meta) check parameters
[3.073s] Level 1:colcon.colcon_core.package_discovery:discover_packages(recursive) check parameters
[3.073s] Level 1:colcon.colcon_core.package_discovery:discover_packages(ignore) check parameters
[3.073s] Level 1:colcon.colcon_core.package_discovery:discover_packages(path) check parameters
[3.073s] Level 1:colcon.colcon_core.package_discovery:discover_packages(colcon_meta) discover
[3.074s] Level 1:colcon.colcon_core.package_discovery:discover_packages(recursive) discover
[3.074s] INFO:colcon.colcon_core.package_discovery:Crawling recursively for packages in '/home/kisangpark/ros2_ws'
[3.074s] Level 1:colcon.colcon_core.package_identification:_identify(.) by extensions ['ignore', 'ignore_ament_install']
[3.075s] Level 1:colcon.colcon_core.package_identification:_identify(.) by extension 'ignore'
[3.075s] Level 1:colcon.colcon_core.package_identification:_identify(.) by extension 'ignore_ament_install'
[3.075s] Level 1:colcon.colcon_core.package_identification:_identify(.) by extensions ['colcon_pkg']
[3.075s] Level 1:colcon.colcon_core.package_identification:_identify(.) by extension 'colcon_pkg'
[3.075s] Level 1:colcon.colcon_core.package_identification:_identify(.) by extensions ['colcon_meta']
[3.075s] Level 1:colcon.colcon_core.package_identification:_identify(.) by extension 'colcon_meta'
[3.075s] Level 1:colcon.colcon_core.package_identification:_identify(.) by extensions ['ros']
[3.075s] Level 1:colcon.colcon_core.package_identification:_identify(.) by extension 'ros'
[3.119s] Level 1:colcon.colcon_core.package_identification:_identify(.) by extensions ['cmake', 'python']
[3.121s] Level 1:colcon.colcon_core.package_identification:_identify(.) by extension 'cmake'
[3.122s] Level 1:colcon.colcon_core.package_identification:_identify(.) by extension 'python'
[3.123s] Level 1:colcon.colcon_core.package_identification:_identify(.) by extensions ['python_setup_py']
[3.123s] Level 1:colcon.colcon_core.package_identification:_identify(.) by extension 'python_setup_py'
[3.124s] Level 1:colcon.colcon_core.package_identification:_identify(build) by extensions ['ignore', 'ignore_ament_install']
[3.124s] Level 1:colcon.colcon_core.package_identification:_identify(build) by extension 'ignore'
[3.124s] Level 1:colcon.colcon_core.package_identification:_identify(build) ignored
[3.125s] Level 1:colcon.colcon_core.package_identification:_identify(install) by extensions ['ignore', 'ignore_ament_install']
[3.125s] Level 1:colcon.colcon_core.package_identification:_identify(install) by extension 'ignore'
[3.125s] Level 1:colcon.colcon_core.package_identification:_identify(install) ignored
[3.126s] Level 1:colcon.colcon_core.package_identification:_identify(log) by extensions ['ignore', 'ignore_ament_install']
[3.127s] Level 1:colcon.colcon_core.package_identification:_identify(log) by extension 'ignore'
[3.127s] Level 1:colcon.colcon_core.package_identification:_identify(log) ignored
[3.129s] Level 1:colcon.colcon_core.package_identification:_identify(source_framework) by extensions ['ignore', 'ignore_ament_install']
[3.130s] Level 1:colcon.colcon_core.package_identification:_identify(source_framework) by extension 'ignore'
[3.131s] Level 1:colcon.colcon_core.package_identification:_identify(source_framework) by extension 'ignore_ament_install'
[3.131s] Level 1:colcon.colcon_core.package_identification:_identify(source_framework) by extensions ['colcon_pkg']
[3.131s] Level 1:colcon.colcon_core.package_identification:_identify(source_framework) by extension 'colcon_pkg'
[3.131s] Level 1:colcon.colcon_core.package_identification:_identify(source_framework) by extensions ['colcon_meta']
[3.131s] Level 1:colcon.colcon_core.package_identification:_identify(source_framework) by extension 'colcon_meta'
[3.131s] Level 1:colcon.colcon_core.package_identification:_identify(source_framework) by extensions ['ros']
[3.131s] Level 1:colcon.colcon_core.package_identification:_identify(source_framework) by extension 'ros'
[3.132s] Level 1:colcon.colcon_core.package_identification:_identify(source_framework) by extensions ['cmake', 'python']
[3.132s] Level 1:colcon.colcon_core.package_identification:_identify(source_framework) by extension 'cmake'
[3.132s] Level 1:colcon.colcon_core.package_identification:_identify(source_framework) by extension 'python'
[3.132s] Level 1:colcon.colcon_core.package_identification:_identify(source_framework) by extensions ['python_setup_py']
[3.133s] Level 1:colcon.colcon_core.package_identification:_identify(source_framework) by extension 'python_setup_py'
[3.133s] Level 1:colcon.colcon_core.package_identification:_identify(src) by extensions ['ignore', 'ignore_ament_install']
[3.133s] Level 1:colcon.colcon_core.package_identification:_identify(src) by extension 'ignore'
[3.133s] Level 1:colcon.colcon_core.package_identification:_identify(src) by extension 'ignore_ament_install'
[3.134s] Level 1:colcon.colcon_core.package_identification:_identify(src) by extensions ['colcon_pkg']
[3.134s] Level 1:colcon.colcon_core.package_identification:_identify(src) by extension 'colcon_pkg'
[3.134s] Level 1:colcon.colcon_core.package_identification:_identify(src) by extensions ['colcon_meta']
[3.134s] Level 1:colcon.colcon_core.package_identification:_identify(src) by extension 'colcon_meta'
[3.134s] Level 1:colcon.colcon_core.package_identification:_identify(src) by extensions ['ros']
[3.134s] Level 1:colcon.colcon_core.package_identification:_identify(src) by extension 'ros'
[3.134s] Level 1:colcon.colcon_core.package_identification:_identify(src) by extensions ['cmake', 'python']
[3.135s] Level 1:colcon.colcon_core.package_identification:_identify(src) by extension 'cmake'
[3.135s] Level 1:colcon.colcon_core.package_identification:_identify(src) by extension 'python'
[3.135s] Level 1:colcon.colcon_core.package_identification:_identify(src) by extensions ['python_setup_py']
[3.135s] Level 1:colcon.colcon_core.package_identification:_identify(src) by extension 'python_setup_py'
[3.136s] Level 1:colcon.colcon_core.package_identification:_identify(src/camera) by extensions ['ignore', 'ignore_ament_install']
[3.136s] Level 1:colcon.colcon_core.package_identification:_identify(src/camera) by extension 'ignore'
[3.136s] Level 1:colcon.colcon_core.package_identification:_identify(src/camera) by extension 'ignore_ament_install'
[3.137s] Level 1:colcon.colcon_core.package_identification:_identify(src/camera) by extensions ['colcon_pkg']
[3.137s] Level 1:colcon.colcon_core.package_identification:_identify(src/camera) by extension 'colcon_pkg'
[3.137s] Level 1:colcon.colcon_core.package_identification:_identify(src/camera) by extensions ['colcon_meta']
[3.138s] Level 1:colcon.colcon_core.package_identification:_identify(src/camera) by extension 'colcon_meta'
[3.138s] Level 1:colcon.colcon_core.package_identification:_identify(src/camera) by extensions ['ros']
[3.138s] Level 1:colcon.colcon_core.package_identification:_identify(src/camera) by extension 'ros'
[3.150s] DEBUG:colcon.colcon_core.package_identification:Package 'src/camera' with type 'ros.ament_python' and name 'camera'
[3.151s] Level 1:colcon.colcon_core.package_identification:_identify(src/gazebo_tutorial) by extensions ['ignore', 'ignore_ament_install']
[3.151s] Level 1:colcon.colcon_core.package_identification:_identify(src/gazebo_tutorial) by extension 'ignore'
[3.152s] Level 1:colcon.colcon_core.package_identification:_identify(src/gazebo_tutorial) by extension 'ignore_ament_install'
[3.152s] Level 1:colcon.colcon_core.package_identification:_identify(src/gazebo_tutorial) by extensions ['colcon_pkg']
[3.153s] Level 1:colcon.colcon_core.package_identification:_identify(src/gazebo_tutorial) by extension 'colcon_pkg'
[3.154s] Level 1:colcon.colcon_core.package_identification:_identify(src/gazebo_tutorial) by extensions ['colcon_meta']
[3.154s] Level 1:colcon.colcon_core.package_identification:_identify(src/gazebo_tutorial) by extension 'colcon_meta'
[3.154s] Level 1:colcon.colcon_core.package_identification:_identify(src/gazebo_tutorial) by extensions ['ros']
[3.154s] Level 1:colcon.colcon_core.package_identification:_identify(src/gazebo_tutorial) by extension 'ros'
[3.158s] DEBUG:colcon.colcon_core.package_identification:Package 'src/gazebo_tutorial' with type 'ros.ament_python' and name 'gazebo_tutorial'
[3.159s] Level 1:colcon.colcon_core.package_identification:_identify(src/lidar_car) by extensions ['ignore', 'ignore_ament_install']
[3.159s] Level 1:colcon.colcon_core.package_identification:_identify(src/lidar_car) by extension 'ignore'
[3.159s] Level 1:colcon.colcon_core.package_identification:_identify(src/lidar_car) by extension 'ignore_ament_install'
[3.159s] Level 1:colcon.colcon_core.package_identification:_identify(src/lidar_car) by extensions ['colcon_pkg']
[3.160s] Level 1:colcon.colcon_core.package_identification:_identify(src/lidar_car) by extension 'colcon_pkg'
[3.160s] Level 1:colcon.colcon_core.package_identification:_identify(src/lidar_car) by extensions ['colcon_meta']
[3.160s] Level 1:colcon.colcon_core.package_identification:_identify(src/lidar_car) by extension 'colcon_meta'
[3.160s] Level 1:colcon.colcon_core.package_identification:_identify(src/lidar_car) by extensions ['ros']
[3.160s] Level 1:colcon.colcon_core.package_identification:_identify(src/lidar_car) by extension 'ros'
[3.163s] DEBUG:colcon.colcon_core.package_identification:Package 'src/lidar_car' with type 'ros.ament_python' and name 'lidar_car'
[3.163s] Level 1:colcon.colcon_core.package_identification:_identify(src/my_robot) by extensions ['ignore', 'ignore_ament_install']
[3.164s] Level 1:colcon.colcon_core.package_identification:_identify(src/my_robot) by extension 'ignore'
[3.164s] Level 1:colcon.colcon_core.package_identification:_identify(src/my_robot) by extension 'ignore_ament_install'
[3.164s] Level 1:colcon.colcon_core.package_identification:_identify(src/my_robot) by extensions ['colcon_pkg']
[3.164s] Level 1:colcon.colcon_core.package_identification:_identify(src/my_robot) by extension 'colcon_pkg'
[3.165s] Level 1:colcon.colcon_core.package_identification:_identify(src/my_robot) by extensions ['colcon_meta']
[3.165s] Level 1:colcon.colcon_core.package_identification:_identify(src/my_robot) by extension 'colcon_meta'
[3.166s] Level 1:colcon.colcon_core.package_identification:_identify(src/my_robot) by extensions ['ros']
[3.166s] Level 1:colcon.colcon_core.package_identification:_identify(src/my_robot) by extension 'ros'
[3.170s] DEBUG:colcon.colcon_core.package_identification:Package 'src/my_robot' with type 'ros.ament_python' and name 'my_robot'
[3.171s] Level 1:colcon.colcon_core.package_identification:_identify(src/omni_wheel) by extensions ['ignore', 'ignore_ament_install']
[3.172s] Level 1:colcon.colcon_core.package_identification:_identify(src/omni_wheel) by extension 'ignore'
[3.172s] Level 1:colcon.colcon_core.package_identification:_identify(src/omni_wheel) by extension 'ignore_ament_install'
[3.172s] Level 1:colcon.colcon_core.package_identification:_identify(src/omni_wheel) by extensions ['colcon_pkg']
[3.172s] Level 1:colcon.colcon_core.package_identification:_identify(src/omni_wheel) by extension 'colcon_pkg'
[3.172s] Level 1:colcon.colcon_core.package_identification:_identify(src/omni_wheel) by extensions ['colcon_meta']
[3.173s] Level 1:colcon.colcon_core.package_identification:_identify(src/omni_wheel) by extension 'colcon_meta'
[3.173s] Level 1:colcon.colcon_core.package_identification:_identify(src/omni_wheel) by extensions ['ros']
[3.173s] Level 1:colcon.colcon_core.package_identification:_identify(src/omni_wheel) by extension 'ros'
[3.174s] DEBUG:colcon.colcon_core.package_identification:Package 'src/omni_wheel' with type 'ros.ament_python' and name 'omni_wheel'
[3.175s] Level 1:colcon.colcon_core.package_discovery:discover_packages(recursive) using defaults
[3.175s] Level 1:colcon.colcon_core.package_discovery:discover_packages(ignore) discover
[3.175s] Level 1:colcon.colcon_core.package_discovery:discover_packages(ignore) using defaults
[3.175s] Level 1:colcon.colcon_core.package_discovery:discover_packages(path) discover
[3.175s] Level 1:colcon.colcon_core.package_discovery:discover_packages(path) using defaults
[3.396s] INFO:colcon.colcon_core.package_selection:Skipping not selected package 'camera' in 'src/camera'
[3.396s] INFO:colcon.colcon_core.package_selection:Skipping not selected package 'gazebo_tutorial' in 'src/gazebo_tutorial'
[3.396s] INFO:colcon.colcon_core.package_selection:Skipping not selected package 'lidar_car' in 'src/lidar_car'
[3.396s] INFO:colcon.colcon_core.package_selection:Skipping not selected package 'my_robot' in 'src/my_robot'
[3.398s] Level 1:colcon.colcon_core.package_discovery:discover_packages(prefix_path) check parameters
[3.398s] Level 1:colcon.colcon_core.package_discovery:discover_packages(prefix_path) discover
[3.440s] DEBUG:colcon.colcon_installed_package_information.package_discovery:Found 338 installed packages in /opt/ros/humble
[3.485s] Level 1:colcon.colcon_core.package_discovery:discover_packages(prefix_path) using defaults
[3.799s] Level 5:colcon.colcon_core.verb:set package 'omni_wheel' build argument 'cmake_args' from command line to 'None'
[3.799s] Level 5:colcon.colcon_core.verb:set package 'omni_wheel' build argument 'cmake_target' from command line to 'None'
[3.799s] Level 5:colcon.colcon_core.verb:set package 'omni_wheel' build argument 'cmake_target_skip_unavailable' from command line to 'False'
[3.800s] Level 5:colcon.colcon_core.verb:set package 'omni_wheel' build argument 'cmake_clean_cache' from command line to 'False'
[3.800s] Level 5:colcon.colcon_core.verb:set package 'omni_wheel' build argument 'cmake_clean_first' from command line to 'False'
[3.800s] Level 5:colcon.colcon_core.verb:set package 'omni_wheel' build argument 'cmake_force_configure' from command line to 'False'
[3.800s] Level 5:colcon.colcon_core.verb:set package 'omni_wheel' build argument 'ament_cmake_args' from command line to 'None'
[3.800s] Level 5:colcon.colcon_core.verb:set package 'omni_wheel' build argument 'catkin_cmake_args' from command line to 'None'
[3.800s] Level 5:colcon.colcon_core.verb:set package 'omni_wheel' build argument 'catkin_skip_building_tests' from command line to 'False'
[3.801s] DEBUG:colcon.colcon_core.verb:Building package 'omni_wheel' with the following arguments: {'ament_cmake_args': None, 'build_base': '/home/kisangpark/ros2_ws/build/omni_wheel', 'catkin_cmake_args': None, 'catkin_skip_building_tests': False, 'cmake_args': None, 'cmake_clean_cache': False, 'cmake_clean_first': False, 'cmake_force_configure': False, 'cmake_target': None, 'cmake_target_skip_unavailable': False, 'install_base': '/home/kisangpark/ros2_ws/install/omni_wheel', 'merge_install': False, 'path': '/home/kisangpark/ros2_ws/src/omni_wheel', 'symlink_install': False, 'test_result_base': None}
[3.801s] INFO:colcon.colcon_core.executor:Executing jobs using 'parallel' executor
[3.806s] DEBUG:colcon.colcon_parallel_executor.executor.parallel:run_until_complete
[3.807s] INFO:colcon.colcon_ros.task.ament_python.build:Building ROS package in '/home/kisangpark/ros2_ws/src/omni_wheel' with build type 'ament_python'
[3.807s] Level 1:colcon.colcon_core.shell:create_environment_hook('omni_wheel', 'ament_prefix_path')
[3.838s] INFO:colcon.colcon_core.plugin_system:Skipping extension 'colcon_core.shell.bat': Not used on non-Windows systems
[3.838s] INFO:colcon.colcon_core.shell:Creating environment hook '/home/kisangpark/ros2_ws/install/omni_wheel/share/omni_wheel/hook/ament_prefix_path.ps1'
[3.844s] INFO:colcon.colcon_core.shell:Creating environment descriptor '/home/kisangpark/ros2_ws/install/omni_wheel/share/omni_wheel/hook/ament_prefix_path.dsv'
[3.850s] INFO:colcon.colcon_core.shell:Creating environment hook '/home/kisangpark/ros2_ws/install/omni_wheel/share/omni_wheel/hook/ament_prefix_path.sh'
[3.859s] INFO:colcon.colcon_core.shell:Skip shell extension 'powershell' for command environment: Not usable outside of PowerShell
[3.860s] DEBUG:colcon.colcon_core.shell:Skip shell extension 'dsv' for command environment
[5.691s] INFO:colcon.colcon_core.task.python.build:Building Python package in '/home/kisangpark/ros2_ws/src/omni_wheel'
[5.693s] INFO:colcon.colcon_core.shell:Skip shell extension 'powershell' for command environment: Not usable outside of PowerShell
[5.693s] DEBUG:colcon.colcon_core.shell:Skip shell extension 'dsv' for command environment
[8.959s] DEBUG:colcon.colcon_core.event_handler.log_command:Invoking command in '/home/kisangpark/ros2_ws/src/omni_wheel': PYTHONPATH=/home/kisangpark/ros2_ws/build/omni_wheel/prefix_override:/usr/lib/python3/dist-packages/colcon_core/task/python/colcon_distutils_commands:/home/kisangpark/ros2_ws/install/omni_wheel/lib/python3.10/site-packages:${PYTHONPATH} /usr/bin/python3 -W ignore:setup.py install is deprecated -W ignore:easy_install command is deprecated setup.py egg_info --egg-base ../../build/omni_wheel build --build-base /home/kisangpark/ros2_ws/build/omni_wheel/build install --record /home/kisangpark/ros2_ws/build/omni_wheel/install.log --single-version-externally-managed install_data
[10.392s] DEBUG:colcon.colcon_core.event_handler.log_command:Invoked command in '/home/kisangpark/ros2_ws/src/omni_wheel' returned '1': PYTHONPATH=/home/kisangpark/ros2_ws/build/omni_wheel/prefix_override:/usr/lib/python3/dist-packages/colcon_core/task/python/colcon_distutils_commands:/home/kisangpark/ros2_ws/install/omni_wheel/lib/python3.10/site-packages:${PYTHONPATH} /usr/bin/python3 -W ignore:setup.py install is deprecated -W ignore:easy_install command is deprecated setup.py egg_info --egg-base ../../build/omni_wheel build --build-base /home/kisangpark/ros2_ws/build/omni_wheel/build install --record /home/kisangpark/ros2_ws/build/omni_wheel/install.log --single-version-externally-managed install_data
[10.401s] DEBUG:colcon.colcon_parallel_executor.executor.parallel:closing loop
[10.402s] DEBUG:colcon.colcon_parallel_executor.executor.parallel:loop closed
[10.402s] DEBUG:colcon.colcon_parallel_executor.executor.parallel:run_until_complete finished with '1'
[10.402s] DEBUG:colcon.colcon_core.event_reactor:joining thread
[10.437s] INFO:colcon.colcon_core.plugin_system:Skipping extension 'colcon_notification.desktop_notification.terminal_notifier': Not used on non-Darwin systems
[10.438s] INFO:colcon.colcon_core.plugin_system:Skipping extension 'colcon_notification.desktop_notification.win32': Not used on non-Windows systems
[10.438s] INFO:colcon.colcon_notification.desktop_notification:Sending desktop notification using 'notify2'
[10.537s] DEBUG:colcon.colcon_core.event_reactor:joined thread
[10.539s] INFO:colcon.colcon_core.shell:Creating prefix script '/home/kisangpark/ros2_ws/install/local_setup.ps1'
[10.546s] INFO:colcon.colcon_core.shell:Creating prefix util module '/home/kisangpark/ros2_ws/install/_local_setup_util_ps1.py'
[10.556s] INFO:colcon.colcon_core.shell:Creating prefix chain script '/home/kisangpark/ros2_ws/install/setup.ps1'
[10.562s] INFO:colcon.colcon_core.shell:Creating prefix script '/home/kisangpark/ros2_ws/install/local_setup.sh'
[10.567s] INFO:colcon.colcon_core.shell:Creating prefix util module '/home/kisangpark/ros2_ws/install/_local_setup_util_sh.py'
[10.571s] INFO:colcon.colcon_core.shell:Creating prefix chain script '/home/kisangpark/ros2_ws/install/setup.sh'
[10.575s] INFO:colcon.colcon_core.shell:Creating prefix script '/home/kisangpark/ros2_ws/install/local_setup.bash'
[10.580s] INFO:colcon.colcon_core.shell:Creating prefix chain script '/home/kisangpark/ros2_ws/install/setup.bash'
[10.586s] INFO:colcon.colcon_core.shell:Creating prefix script '/home/kisangpark/ros2_ws/install/local_setup.zsh'
[10.591s] INFO:colcon.colcon_core.shell:Creating prefix chain script '/home/kisangpark/ros2_ws/install/setup.zsh'
