[0.000000] (-) TimerEvent: {}
[0.000080] (four_wheel_robot) JobQueued: {'identifier': 'four_wheel_robot', 'dependencies': OrderedDict()}
[0.000103] (gazebo_tutorial) JobQueued: {'identifier': 'gazebo_tutorial', 'dependencies': OrderedDict()}
[0.000119] (my_robot) JobQueued: {'identifier': 'my_robot', 'dependencies': OrderedDict()}
[0.000132] (omni_robot) JobQueued: {'identifier': 'omni_robot', 'dependencies': OrderedDict()}
[0.000145] (four_wheel_robot) JobStarted: {'identifier': 'four_wheel_robot'}
[0.007194] (gazebo_tutorial) JobStarted: {'identifier': 'gazebo_tutorial'}
[0.011123] (my_robot) JobStarted: {'identifier': 'my_robot'}
[0.016460] (omni_robot) JobStarted: {'identifier': 'omni_robot'}
[0.099562] (-) TimerEvent: {}
[0.199873] (-) TimerEvent: {}
[0.300127] (-) TimerEvent: {}
[0.400385] (-) TimerEvent: {}
[0.500657] (-) TimerEvent: {}
[0.600931] (-) TimerEvent: {}
[0.701223] (-) TimerEvent: {}
[0.734491] (omni_robot) StderrLine: {'line': b'Traceback (most recent call last):\n  File "/usr/lib/python3/dist-packages/colcon_core/executor/__init__.py", line 91, in __call__\n    rc = await self.task(*args, **kwargs)\n  File "/usr/lib/python3/dist-packages/colcon_core/task/__init__.py", line 93, in __call__\n    return await task_method(*args, **kwargs)\n  File "/usr/lib/python3/dist-packages/colcon_ros/task/ament_python/build.py", line 51, in build\n    setup_py_data = get_setup_data(self.context.pkg, env)\n  File "/usr/lib/python3/dist-packages/colcon_core/task/python/__init__.py", line 20, in get_setup_data\n    return dict(pkg.metadata[key](env))\n  File "/usr/lib/python3/dist-packages/colcon_ros/package_augmentation/ros_ament_python.py", line 57, in getter\n    return get_setup_information(\n  File "/usr/lib/python3/dist-packages/colcon_python_setup_py/package_identification/python_setup_py.py", line 249, in get_setup_information\n    _setup_information_cache[hashable_env] = _get_setup_information(\n  File "/usr/lib/python3/dist-packages/colcon_python_setup_py/package_identification/python_setup_py.py", line 296, in _get_setup_information\n    result = subprocess.run(\n  File "/usr/lib/python3.8/subprocess.py", line 516, in run\n    raise CalledProcessError(retcode, process.args,\nsubprocess.CalledProcessError: Command \'[\'/usr/bin/python3\', \'-c\', \'import sys;from contextlib import suppress;exec("with suppress(ImportError):    from setuptools.extern.packaging.specifiers    import SpecifierSet");exec("with suppress(ImportError):    from packaging.specifiers import SpecifierSet");from distutils.core import run_setup;dist = run_setup(    \\\'setup.py\\\', script_args=(\\\'--dry-run\\\',), stop_after=\\\'config\\\');skip_keys = (\\\'cmdclass\\\', \\\'distclass\\\', \\\'ext_modules\\\', \\\'metadata\\\');data = {    key: value for key, value in dist.__dict__.items()     if (        not key.startswith(\\\'_\\\') and         not callable(value) and         key not in skip_keys and         key not in dist.display_option_names    )};data[\\\'metadata\\\'] = {    k: v for k, v in dist.metadata.__dict__.items()     if k not in (\\\'license_files\\\', \\\'provides_extras\\\')};sys.stdout.buffer.write(repr(data).encode(\\\'utf-8\\\'))\']\' returned non-zero exit status 1.\n'}
[0.735344] (omni_robot) JobEnded: {'identifier': 'omni_robot', 'rc': 1}
[0.735644] (four_wheel_robot) JobEnded: {'identifier': 'four_wheel_robot', 'rc': 'SIGINT'}
[0.735791] (gazebo_tutorial) JobEnded: {'identifier': 'gazebo_tutorial', 'rc': 'SIGINT'}
[0.736015] (my_robot) JobEnded: {'identifier': 'my_robot', 'rc': 'SIGINT'}
[0.745751] (-) EventReactorShutdown: {}
