running egg_info
creating ../../build/four_wheel_robot/four_wheel_robot.egg-info
writing ../../build/four_wheel_robot/four_wheel_robot.egg-info/PKG-INFO
writing dependency_links to ../../build/four_wheel_robot/four_wheel_robot.egg-info/dependency_links.txt
writing entry points to ../../build/four_wheel_robot/four_wheel_robot.egg-info/entry_points.txt
writing requirements to ../../build/four_wheel_robot/four_wheel_robot.egg-info/requires.txt
writing top-level names to ../../build/four_wheel_robot/four_wheel_robot.egg-info/top_level.txt
writing manifest file '../../build/four_wheel_robot/four_wheel_robot.egg-info/SOURCES.txt'
reading manifest file '../../build/four_wheel_robot/four_wheel_robot.egg-info/SOURCES.txt'
writing manifest file '../../build/four_wheel_robot/four_wheel_robot.egg-info/SOURCES.txt'
running build
running build_py
creating /home/inhwan/ros2_ws1/build/four_wheel_robot/build
creating /home/inhwan/ros2_ws1/build/four_wheel_robot/build/lib
creating /home/inhwan/ros2_ws1/build/four_wheel_robot/build/lib/four_wheel_robot
copying four_wheel_robot/__init__.py -> /home/inhwan/ros2_ws1/build/four_wheel_robot/build/lib/four_wheel_robot
copying four_wheel_robot/robot_1_controller.py -> /home/inhwan/ros2_ws1/build/four_wheel_robot/build/lib/four_wheel_robot
running install
running install_lib
creating /home/inhwan/ros2_ws1/install/four_wheel_robot/lib/python3.8/site-packages/four_wheel_robot
copying /home/inhwan/ros2_ws1/build/four_wheel_robot/build/lib/four_wheel_robot/__init__.py -> /home/inhwan/ros2_ws1/install/four_wheel_robot/lib/python3.8/site-packages/four_wheel_robot
copying /home/inhwan/ros2_ws1/build/four_wheel_robot/build/lib/four_wheel_robot/robot_1_controller.py -> /home/inhwan/ros2_ws1/install/four_wheel_robot/lib/python3.8/site-packages/four_wheel_robot
byte-compiling /home/inhwan/ros2_ws1/install/four_wheel_robot/lib/python3.8/site-packages/four_wheel_robot/__init__.py to __init__.cpython-38.pyc
byte-compiling /home/inhwan/ros2_ws1/install/four_wheel_robot/lib/python3.8/site-packages/four_wheel_robot/robot_1_controller.py to robot_1_controller.cpython-38.pyc
running install_data
creating /home/inhwan/ros2_ws1/install/four_wheel_robot/share/ament_index
creating /home/inhwan/ros2_ws1/install/four_wheel_robot/share/ament_index/resource_index
creating /home/inhwan/ros2_ws1/install/four_wheel_robot/share/ament_index/resource_index/packages
copying resource/four_wheel_robot -> /home/inhwan/ros2_ws1/install/four_wheel_robot/share/ament_index/resource_index/packages
copying package.xml -> /home/inhwan/ros2_ws1/install/four_wheel_robot/share/four_wheel_robot
creating /home/inhwan/ros2_ws1/install/four_wheel_robot/share/four_wheel_robot/launch
copying launch/robot_1.launch.py -> /home/inhwan/ros2_ws1/install/four_wheel_robot/share/four_wheel_robot/launch
creating /home/inhwan/ros2_ws1/install/four_wheel_robot/share/four_wheel_robot/urdf
copying urdf/robot_1.xacro -> /home/inhwan/ros2_ws1/install/four_wheel_robot/share/four_wheel_robot/urdf
running install_egg_info
Copying ../../build/four_wheel_robot/four_wheel_robot.egg-info to /home/inhwan/ros2_ws1/install/four_wheel_robot/lib/python3.8/site-packages/four_wheel_robot-0.0.0-py3.8.egg-info
running install_scripts
Installing robot_1_controller script to /home/inhwan/ros2_ws1/install/four_wheel_robot/lib/4_wheel_robot
writing list of installed files to '/home/inhwan/ros2_ws1/build/four_wheel_robot/install.log'
