[1.710s] Invoking command in '/home/kisangpark/ros2_ws/src/my_robot': PYTHONPATH=/home/kisangpark/ros2_ws/build/my_robot/prefix_override:/usr/lib/python3/dist-packages/colcon_core/task/python/colcon_distutils_commands:/home/kisangpark/ros2_ws/install/my_robot/lib/python3.10/site-packages:${PYTHONPATH} /usr/bin/python3 -W ignore:setup.py install is deprecated -W ignore:easy_install command is deprecated setup.py egg_info --egg-base ../../build/my_robot build --build-base /home/kisangpark/ros2_ws/build/my_robot/build install --record /home/kisangpark/ros2_ws/build/my_robot/install.log --install-scripts $base/lib/my_robot --single-version-externally-managed install_data
[2.415s] /usr/lib/python3/dist-packages/setuptools/dist.py:723: UserWarning: Usage of dash-separated 'script-dir' will not be supported in future versions. Please use the underscore name 'script_dir' instead
[2.415s]   warnings.warn(
[2.446s] running egg_info
[2.456s] writing ../../build/my_robot/my_robot.egg-info/PKG-INFO
[2.456s] writing dependency_links to ../../build/my_robot/my_robot.egg-info/dependency_links.txt
[2.460s] writing entry points to ../../build/my_robot/my_robot.egg-info/entry_points.txt
[2.461s] writing requirements to ../../build/my_robot/my_robot.egg-info/requires.txt
[2.462s] writing top-level names to ../../build/my_robot/my_robot.egg-info/top_level.txt
[2.466s] reading manifest file '../../build/my_robot/my_robot.egg-info/SOURCES.txt'
[2.469s] writing manifest file '../../build/my_robot/my_robot.egg-info/SOURCES.txt'
[2.470s] running build
[2.471s] running build_py
[2.473s] running install
[2.475s] running install_lib
[2.480s] running install_data
[2.481s] running install_egg_info
[2.489s] removing '/home/kisangpark/ros2_ws/install/my_robot/lib/python3.10/site-packages/my_robot-0.0.0-py3.10.egg-info' (and everything under it)
[2.490s] Copying ../../build/my_robot/my_robot.egg-info to /home/kisangpark/ros2_ws/install/my_robot/lib/python3.10/site-packages/my_robot-0.0.0-py3.10.egg-info
[2.497s] running install_scripts
[2.578s] Installing image_processor script to /home/kisangpark/ros2_ws/install/my_robot/lib/my_robot
[2.579s] writing list of installed files to '/home/kisangpark/ros2_ws/build/my_robot/install.log'
[2.626s] Invoked command in '/home/kisangpark/ros2_ws/src/my_robot' returned '0': PYTHONPATH=/home/kisangpark/ros2_ws/build/my_robot/prefix_override:/usr/lib/python3/dist-packages/colcon_core/task/python/colcon_distutils_commands:/home/kisangpark/ros2_ws/install/my_robot/lib/python3.10/site-packages:${PYTHONPATH} /usr/bin/python3 -W ignore:setup.py install is deprecated -W ignore:easy_install command is deprecated setup.py egg_info --egg-base ../../build/my_robot build --build-base /home/kisangpark/ros2_ws/build/my_robot/build install --record /home/kisangpark/ros2_ws/build/my_robot/install.log --install-scripts $base/lib/my_robot --single-version-externally-managed install_data
