[0.802s] Invoking command in '/home/inhwan/ros2_ws1/src/my_robot': PYTHONPATH=/home/inhwan/ros2_ws1/src/build/my_robot/prefix_override:/usr/lib/python3/dist-packages/colcon_core/task/python/colcon_distutils_commands:/home/inhwan/ros2_ws1/src/install/my_robot/lib/python3.8/site-packages:${PYTHONPATH} /usr/bin/python3 -W ignore:setup.py install is deprecated -W ignore:easy_install command is deprecated setup.py egg_info --egg-base ../build/my_robot build --build-base /home/inhwan/ros2_ws1/src/build/my_robot/build install --record /home/inhwan/ros2_ws1/src/build/my_robot/install.log --install-scripts $base/lib/my_robot --single-version-externally-managed install_data
[0.960s] running egg_info
[0.960s] writing ../build/my_robot/my_robot.egg-info/PKG-INFO
[0.961s] writing dependency_links to ../build/my_robot/my_robot.egg-info/dependency_links.txt
[0.961s] writing entry points to ../build/my_robot/my_robot.egg-info/entry_points.txt
[0.961s] writing requirements to ../build/my_robot/my_robot.egg-info/requires.txt
[0.961s] writing top-level names to ../build/my_robot/my_robot.egg-info/top_level.txt
[0.985s] reading manifest file '../build/my_robot/my_robot.egg-info/SOURCES.txt'
[0.986s] writing manifest file '../build/my_robot/my_robot.egg-info/SOURCES.txt'
[0.986s] running build
[0.986s] running build_py
[0.986s] copying my_robot/four_wheel_controller.py -> /home/inhwan/ros2_ws1/src/build/my_robot/build/lib/my_robot
[0.986s] running install
[0.986s] running install_lib
[0.987s] copying /home/inhwan/ros2_ws1/src/build/my_robot/build/lib/my_robot/four_wheel_controller.py -> /home/inhwan/ros2_ws1/src/install/my_robot/lib/python3.8/site-packages/my_robot
[0.987s] byte-compiling /home/inhwan/ros2_ws1/src/install/my_robot/lib/python3.8/site-packages/my_robot/four_wheel_controller.py to four_wheel_controller.cpython-38.pyc
[0.988s] running install_data
[0.988s] copying launch/operating.launch.py -> /home/inhwan/ros2_ws1/src/install/my_robot/share/my_robot/launch
[0.988s] copying urdf/four_wheel_robot.ros2_control.xacro -> /home/inhwan/ros2_ws1/src/install/my_robot/share/my_robot/urdf
[0.989s] copying urdf/my_robot_2.xacro -> /home/inhwan/ros2_ws1/src/install/my_robot/share/my_robot/urdf
[0.989s] creating /home/inhwan/ros2_ws1/src/install/my_robot/share/my_robot/config
[0.989s] copying config/controllers.yaml -> /home/inhwan/ros2_ws1/src/install/my_robot/share/my_robot/config
[0.989s] running install_egg_info
[0.990s] removing '/home/inhwan/ros2_ws1/src/install/my_robot/lib/python3.8/site-packages/my_robot-0.0.0-py3.8.egg-info' (and everything under it)
[0.990s] Copying ../build/my_robot/my_robot.egg-info to /home/inhwan/ros2_ws1/src/install/my_robot/lib/python3.8/site-packages/my_robot-0.0.0-py3.8.egg-info
[0.990s] running install_scripts
[1.002s] Installing four_wheel_control script to /home/inhwan/ros2_ws1/src/install/my_robot/lib/my_robot
[1.002s] writing list of installed files to '/home/inhwan/ros2_ws1/src/build/my_robot/install.log'
[1.031s] Invoked command in '/home/inhwan/ros2_ws1/src/my_robot' returned '0': PYTHONPATH=/home/inhwan/ros2_ws1/src/build/my_robot/prefix_override:/usr/lib/python3/dist-packages/colcon_core/task/python/colcon_distutils_commands:/home/inhwan/ros2_ws1/src/install/my_robot/lib/python3.8/site-packages:${PYTHONPATH} /usr/bin/python3 -W ignore:setup.py install is deprecated -W ignore:easy_install command is deprecated setup.py egg_info --egg-base ../build/my_robot build --build-base /home/inhwan/ros2_ws1/src/build/my_robot/build install --record /home/inhwan/ros2_ws1/src/build/my_robot/install.log --install-scripts $base/lib/my_robot --single-version-externally-managed install_data
