/home/inhwan/ros2_ws1/install/gazebo_tutorial/lib/python3.8/site-packages/gazebo_tutorial/__init__.py
/home/inhwan/ros2_ws1/install/gazebo_tutorial/lib/python3.8/site-packages/gazebo_tutorial/controller.py
/home/inhwan/ros2_ws1/install/gazebo_tutorial/lib/python3.8/site-packages/gazebo_tutorial/perplexity_reference.py
/home/inhwan/ros2_ws1/install/gazebo_tutorial/lib/python3.8/site-packages/gazebo_tutorial/__pycache__/__init__.cpython-38.pyc
/home/inhwan/ros2_ws1/install/gazebo_tutorial/lib/python3.8/site-packages/gazebo_tutorial/__pycache__/controller.cpython-38.pyc
/home/inhwan/ros2_ws1/install/gazebo_tutorial/lib/python3.8/site-packages/gazebo_tutorial/__pycache__/perplexity_reference.cpython-38.pyc
/home/inhwan/ros2_ws1/install/gazebo_tutorial/share/ament_index/resource_index/packages/gazebo_tutorial
/home/inhwan/ros2_ws1/install/gazebo_tutorial/share/gazebo_tutorial/package.xml
/home/inhwan/ros2_ws1/install/gazebo_tutorial/share/gazebo_tutorial/launch/full.launch.py
/home/inhwan/ros2_ws1/install/gazebo_tutorial/share/gazebo_tutorial/launch/no_control.launch.py
/home/inhwan/ros2_ws1/install/gazebo_tutorial/share/gazebo_tutorial/launch/server_client.launch.py
/home/inhwan/ros2_ws1/install/gazebo_tutorial/share/gazebo_tutorial/launch/xacro_load.launch.py
/home/inhwan/ros2_ws1/install/gazebo_tutorial/share/gazebo_tutorial/vision60/vision60_single.urdf
/home/inhwan/ros2_ws1/install/gazebo_tutorial/share/gazebo_tutorial/vision60/vision60_double.xacro
/home/inhwan/ros2_ws1/install/gazebo_tutorial/share/gazebo_tutorial/vision60/plugin_control.xacro
/home/inhwan/ros2_ws1/install/gazebo_tutorial/lib/python3.8/site-packages/gazebo_tutorial-0.0.0-py3.8.egg-info/SOURCES.txt
/home/inhwan/ros2_ws1/install/gazebo_tutorial/lib/python3.8/site-packages/gazebo_tutorial-0.0.0-py3.8.egg-info/dependency_links.txt
/home/inhwan/ros2_ws1/install/gazebo_tutorial/lib/python3.8/site-packages/gazebo_tutorial-0.0.0-py3.8.egg-info/requires.txt
/home/inhwan/ros2_ws1/install/gazebo_tutorial/lib/python3.8/site-packages/gazebo_tutorial-0.0.0-py3.8.egg-info/top_level.txt
/home/inhwan/ros2_ws1/install/gazebo_tutorial/lib/python3.8/site-packages/gazebo_tutorial-0.0.0-py3.8.egg-info/entry_points.txt
/home/inhwan/ros2_ws1/install/gazebo_tutorial/lib/python3.8/site-packages/gazebo_tutorial-0.0.0-py3.8.egg-info/zip-safe
/home/inhwan/ros2_ws1/install/gazebo_tutorial/lib/python3.8/site-packages/gazebo_tutorial-0.0.0-py3.8.egg-info/PKG-INFO
/home/inhwan/ros2_ws1/install/gazebo_tutorial/lib/gazebo_tutorial/controller
