[3.781s] Invoking command in '/home/kisangpark/ros2_ws/src/omni_wheel': PYTHONPATH=/home/kisangpark/ros2_ws/build/omni_wheel/prefix_override:/usr/lib/python3/dist-packages/colcon_core/task/python/colcon_distutils_commands:/home/kisangpark/ros2_ws/install/omni_wheel/lib/python3.10/site-packages:${PYTHONPATH} /usr/bin/python3 -W ignore:setup.py install is deprecated -W ignore:easy_install command is deprecated setup.py egg_info --egg-base ../../build/omni_wheel build --build-base /home/kisangpark/ros2_ws/build/omni_wheel/build install --record /home/kisangpark/ros2_ws/build/omni_wheel/install.log --single-version-externally-managed install_data
[4.964s] running egg_info
[4.968s] writing ../../build/omni_wheel/omni_wheel.egg-info/PKG-INFO
[4.971s] writing dependency_links to ../../build/omni_wheel/omni_wheel.egg-info/dependency_links.txt
[4.973s] writing entry points to ../../build/omni_wheel/omni_wheel.egg-info/entry_points.txt
[4.976s] writing requirements to ../../build/omni_wheel/omni_wheel.egg-info/requires.txt
[4.977s] writing top-level names to ../../build/omni_wheel/omni_wheel.egg-info/top_level.txt
[4.989s] reading manifest file '../../build/omni_wheel/omni_wheel.egg-info/SOURCES.txt'
[5.003s] writing manifest file '../../build/omni_wheel/omni_wheel.egg-info/SOURCES.txt'
[5.003s] running build
[5.003s] running build_py
[5.006s] running install
[5.006s] running install_lib
[5.010s] running install_data
[5.013s] copying xacro/omni_wheel.xacro -> /home/kisangpark/ros2_ws/install/omni_wheel/share/omni_wheel/xacro
[5.014s] running install_egg_info
[5.020s] removing '/home/kisangpark/ros2_ws/install/omni_wheel/lib/python3.10/site-packages/omni_wheel-0.0.0-py3.10.egg-info' (and everything under it)
[5.021s] Copying ../../build/omni_wheel/omni_wheel.egg-info to /home/kisangpark/ros2_ws/install/omni_wheel/lib/python3.10/site-packages/omni_wheel-0.0.0-py3.10.egg-info
[5.025s] running install_scripts
[5.092s] Installing controller script to /home/kisangpark/ros2_ws/install/omni_wheel/lib/omni_wheel
[5.094s] writing list of installed files to '/home/kisangpark/ros2_ws/build/omni_wheel/install.log'
[5.163s] Invoked command in '/home/kisangpark/ros2_ws/src/omni_wheel' returned '0': PYTHONPATH=/home/kisangpark/ros2_ws/build/omni_wheel/prefix_override:/usr/lib/python3/dist-packages/colcon_core/task/python/colcon_distutils_commands:/home/kisangpark/ros2_ws/install/omni_wheel/lib/python3.10/site-packages:${PYTHONPATH} /usr/bin/python3 -W ignore:setup.py install is deprecated -W ignore:easy_install command is deprecated setup.py egg_info --egg-base ../../build/omni_wheel build --build-base /home/kisangpark/ros2_ws/build/omni_wheel/build install --record /home/kisangpark/ros2_ws/build/omni_wheel/install.log --single-version-externally-managed install_data
