[0.812s] Invoking command in '/home/inhwan/ros2_ws1/src/four_wheel_robot': PYTHONPATH=/home/inhwan/ros2_ws1/src/build/four_wheel_robot/prefix_override:/usr/lib/python3/dist-packages/colcon_core/task/python/colcon_distutils_commands:/home/inhwan/ros2_ws1/src/install/four_wheel_robot/lib/python3.8/site-packages:${PYTHONPATH} /usr/bin/python3 -W ignore:setup.py install is deprecated -W ignore:easy_install command is deprecated setup.py egg_info --egg-base ../build/four_wheel_robot build --build-base /home/inhwan/ros2_ws1/src/build/four_wheel_robot/build install --record /home/inhwan/ros2_ws1/src/build/four_wheel_robot/install.log --install-scripts $base/lib/4_wheel_robot --single-version-externally-managed install_data
[0.966s] running egg_info
[0.966s] writing ../build/four_wheel_robot/four_wheel_robot.egg-info/PKG-INFO
[0.966s] writing dependency_links to ../build/four_wheel_robot/four_wheel_robot.egg-info/dependency_links.txt
[0.967s] writing entry points to ../build/four_wheel_robot/four_wheel_robot.egg-info/entry_points.txt
[0.967s] writing requirements to ../build/four_wheel_robot/four_wheel_robot.egg-info/requires.txt
[0.967s] writing top-level names to ../build/four_wheel_robot/four_wheel_robot.egg-info/top_level.txt
[0.991s] reading manifest file '../build/four_wheel_robot/four_wheel_robot.egg-info/SOURCES.txt'
[0.992s] writing manifest file '../build/four_wheel_robot/four_wheel_robot.egg-info/SOURCES.txt'
[0.992s] running build
[0.992s] running build_py
[0.992s] copying four_wheel_robot/robot_1_controller.py -> /home/inhwan/ros2_ws1/src/build/four_wheel_robot/build/lib/four_wheel_robot
[0.992s] running install
[0.992s] running install_lib
[0.993s] copying /home/inhwan/ros2_ws1/src/build/four_wheel_robot/build/lib/four_wheel_robot/robot_1_controller.py -> /home/inhwan/ros2_ws1/src/install/four_wheel_robot/lib/python3.8/site-packages/four_wheel_robot
[0.993s] byte-compiling /home/inhwan/ros2_ws1/src/install/four_wheel_robot/lib/python3.8/site-packages/four_wheel_robot/robot_1_controller.py to robot_1_controller.cpython-38.pyc
[0.994s] running install_data
[0.994s] copying urdf/robot_1.xacro -> /home/inhwan/ros2_ws1/src/install/four_wheel_robot/share/four_wheel_robot/urdf
[0.995s] running install_egg_info
[0.996s] removing '/home/inhwan/ros2_ws1/src/install/four_wheel_robot/lib/python3.8/site-packages/four_wheel_robot-0.0.0-py3.8.egg-info' (and everything under it)
[0.996s] Copying ../build/four_wheel_robot/four_wheel_robot.egg-info to /home/inhwan/ros2_ws1/src/install/four_wheel_robot/lib/python3.8/site-packages/four_wheel_robot-0.0.0-py3.8.egg-info
[0.996s] running install_scripts
[1.008s] Installing robot_1_controller script to /home/inhwan/ros2_ws1/src/install/four_wheel_robot/lib/4_wheel_robot
[1.008s] writing list of installed files to '/home/inhwan/ros2_ws1/src/build/four_wheel_robot/install.log'
[1.029s] Invoked command in '/home/inhwan/ros2_ws1/src/four_wheel_robot' returned '0': PYTHONPATH=/home/inhwan/ros2_ws1/src/build/four_wheel_robot/prefix_override:/usr/lib/python3/dist-packages/colcon_core/task/python/colcon_distutils_commands:/home/inhwan/ros2_ws1/src/install/four_wheel_robot/lib/python3.8/site-packages:${PYTHONPATH} /usr/bin/python3 -W ignore:setup.py install is deprecated -W ignore:easy_install command is deprecated setup.py egg_info --egg-base ../build/four_wheel_robot build --build-base /home/inhwan/ros2_ws1/src/build/four_wheel_robot/build install --record /home/inhwan/ros2_ws1/src/build/four_wheel_robot/install.log --install-scripts $base/lib/4_wheel_robot --single-version-externally-managed install_data
