[0.966s] Invoking command in '/home/inhwan/ros2_ws1/src/omni_robot': PYTHONPATH=/home/inhwan/ros2_ws1/src/build/omni_robot/prefix_override:/usr/lib/python3/dist-packages/colcon_core/task/python/colcon_distutils_commands:/home/inhwan/ros2_ws1/src/install/omni_robot/lib/python3.8/site-packages:${PYTHONPATH} /usr/bin/python3 -W ignore:setup.py install is deprecated -W ignore:easy_install command is deprecated setup.py egg_info --egg-base ../build/omni_robot build --build-base /home/inhwan/ros2_ws1/src/build/omni_robot/build install --record /home/inhwan/ros2_ws1/src/build/omni_robot/install.log --install-scripts $base/lib/omni_robot --single-version-externally-managed install_data
[1.119s] running egg_info
[1.120s] creating ../build/omni_robot/omni_robot.egg-info
[1.121s] writing ../build/omni_robot/omni_robot.egg-info/PKG-INFO
[1.121s] writing dependency_links to ../build/omni_robot/omni_robot.egg-info/dependency_links.txt
[1.121s] writing entry points to ../build/omni_robot/omni_robot.egg-info/entry_points.txt
[1.121s] writing requirements to ../build/omni_robot/omni_robot.egg-info/requires.txt
[1.121s] writing top-level names to ../build/omni_robot/omni_robot.egg-info/top_level.txt
[1.121s] writing manifest file '../build/omni_robot/omni_robot.egg-info/SOURCES.txt'
[1.144s] reading manifest file '../build/omni_robot/omni_robot.egg-info/SOURCES.txt'
[1.145s] writing manifest file '../build/omni_robot/omni_robot.egg-info/SOURCES.txt'
[1.145s] running build
[1.145s] running build_py
[1.145s] creating /home/inhwan/ros2_ws1/src/build/omni_robot/build
[1.145s] creating /home/inhwan/ros2_ws1/src/build/omni_robot/build/lib
[1.145s] creating /home/inhwan/ros2_ws1/src/build/omni_robot/build/lib/omni_robot
[1.145s] copying omni_robot/__init__.py -> /home/inhwan/ros2_ws1/src/build/omni_robot/build/lib/omni_robot
[1.145s] running install
[1.146s] running install_lib
[1.146s] creating /home/inhwan/ros2_ws1/src/install/omni_robot/lib/python3.8/site-packages/omni_robot
[1.146s] copying /home/inhwan/ros2_ws1/src/build/omni_robot/build/lib/omni_robot/__init__.py -> /home/inhwan/ros2_ws1/src/install/omni_robot/lib/python3.8/site-packages/omni_robot
[1.147s] byte-compiling /home/inhwan/ros2_ws1/src/install/omni_robot/lib/python3.8/site-packages/omni_robot/__init__.py to __init__.cpython-38.pyc
[1.147s] running install_data
[1.147s] creating /home/inhwan/ros2_ws1/src/install/omni_robot/share/ament_index
[1.148s] creating /home/inhwan/ros2_ws1/src/install/omni_robot/share/ament_index/resource_index
[1.148s] creating /home/inhwan/ros2_ws1/src/install/omni_robot/share/ament_index/resource_index/packages
[1.148s] copying resource/omni_robot -> /home/inhwan/ros2_ws1/src/install/omni_robot/share/ament_index/resource_index/packages
[1.148s] copying package.xml -> /home/inhwan/ros2_ws1/src/install/omni_robot/share/omni_robot
[1.148s] creating /home/inhwan/ros2_ws1/src/install/omni_robot/share/omni_robot/launch
[1.148s] copying launch/robot_state_publisher.launch.py -> /home/inhwan/ros2_ws1/src/install/omni_robot/share/omni_robot/launch
[1.148s] creating /home/inhwan/ros2_ws1/src/install/omni_robot/share/omni_robot/urdf
[1.148s] copying urdf/rs_robot.urdf -> /home/inhwan/ros2_ws1/src/install/omni_robot/share/omni_robot/urdf
[1.148s] running install_egg_info
[1.149s] Copying ../build/omni_robot/omni_robot.egg-info to /home/inhwan/ros2_ws1/src/install/omni_robot/lib/python3.8/site-packages/omni_robot-0.0.0-py3.8.egg-info
[1.150s] running install_scripts
[1.162s] writing list of installed files to '/home/inhwan/ros2_ws1/src/build/omni_robot/install.log'
[1.194s] Invoked command in '/home/inhwan/ros2_ws1/src/omni_robot' returned '0': PYTHONPATH=/home/inhwan/ros2_ws1/src/build/omni_robot/prefix_override:/usr/lib/python3/dist-packages/colcon_core/task/python/colcon_distutils_commands:/home/inhwan/ros2_ws1/src/install/omni_robot/lib/python3.8/site-packages:${PYTHONPATH} /usr/bin/python3 -W ignore:setup.py install is deprecated -W ignore:easy_install command is deprecated setup.py egg_info --egg-base ../build/omni_robot build --build-base /home/inhwan/ros2_ws1/src/build/omni_robot/build install --record /home/inhwan/ros2_ws1/src/build/omni_robot/install.log --install-scripts $base/lib/omni_robot --single-version-externally-managed install_data
