[0.836s] Invoking command in '/home/inhwan/ros2_ws1/src/gazebo_tutorial': PYTHONPATH=/home/inhwan/ros2_ws1/build/gazebo_tutorial/prefix_override:/usr/lib/python3/dist-packages/colcon_core/task/python/colcon_distutils_commands:/home/inhwan/ros2_ws1/install/gazebo_tutorial/lib/python3.8/site-packages:${PYTHONPATH} /usr/bin/python3 -W ignore:setup.py install is deprecated -W ignore:easy_install command is deprecated setup.py egg_info --egg-base ../../build/gazebo_tutorial build --build-base /home/inhwan/ros2_ws1/build/gazebo_tutorial/build install --record /home/inhwan/ros2_ws1/build/gazebo_tutorial/install.log --single-version-externally-managed install_data
[0.992s] running egg_info
[0.992s] creating ../../build/gazebo_tutorial/gazebo_tutorial.egg-info
[0.992s] writing ../../build/gazebo_tutorial/gazebo_tutorial.egg-info/PKG-INFO
[0.993s] writing dependency_links to ../../build/gazebo_tutorial/gazebo_tutorial.egg-info/dependency_links.txt
[0.993s] writing entry points to ../../build/gazebo_tutorial/gazebo_tutorial.egg-info/entry_points.txt
[0.993s] writing requirements to ../../build/gazebo_tutorial/gazebo_tutorial.egg-info/requires.txt
[0.993s] writing top-level names to ../../build/gazebo_tutorial/gazebo_tutorial.egg-info/top_level.txt
[1.001s] writing manifest file '../../build/gazebo_tutorial/gazebo_tutorial.egg-info/SOURCES.txt'
[1.025s] reading manifest file '../../build/gazebo_tutorial/gazebo_tutorial.egg-info/SOURCES.txt'
[1.025s] writing manifest file '../../build/gazebo_tutorial/gazebo_tutorial.egg-info/SOURCES.txt'
[1.025s] running build
[1.026s] running build_py
[1.026s] creating /home/inhwan/ros2_ws1/build/gazebo_tutorial/build
[1.026s] creating /home/inhwan/ros2_ws1/build/gazebo_tutorial/build/lib
[1.026s] creating /home/inhwan/ros2_ws1/build/gazebo_tutorial/build/lib/gazebo_tutorial
[1.026s] copying gazebo_tutorial/__init__.py -> /home/inhwan/ros2_ws1/build/gazebo_tutorial/build/lib/gazebo_tutorial
[1.026s] copying gazebo_tutorial/controller.py -> /home/inhwan/ros2_ws1/build/gazebo_tutorial/build/lib/gazebo_tutorial
[1.026s] copying gazebo_tutorial/perplexity_reference.py -> /home/inhwan/ros2_ws1/build/gazebo_tutorial/build/lib/gazebo_tutorial
[1.026s] running install
[1.026s] running install_lib
[1.027s] creating /home/inhwan/ros2_ws1/install/gazebo_tutorial/lib/python3.8/site-packages/gazebo_tutorial
[1.027s] copying /home/inhwan/ros2_ws1/build/gazebo_tutorial/build/lib/gazebo_tutorial/__init__.py -> /home/inhwan/ros2_ws1/install/gazebo_tutorial/lib/python3.8/site-packages/gazebo_tutorial
[1.027s] copying /home/inhwan/ros2_ws1/build/gazebo_tutorial/build/lib/gazebo_tutorial/controller.py -> /home/inhwan/ros2_ws1/install/gazebo_tutorial/lib/python3.8/site-packages/gazebo_tutorial
[1.027s] copying /home/inhwan/ros2_ws1/build/gazebo_tutorial/build/lib/gazebo_tutorial/perplexity_reference.py -> /home/inhwan/ros2_ws1/install/gazebo_tutorial/lib/python3.8/site-packages/gazebo_tutorial
[1.028s] byte-compiling /home/inhwan/ros2_ws1/install/gazebo_tutorial/lib/python3.8/site-packages/gazebo_tutorial/__init__.py to __init__.cpython-38.pyc
[1.028s] byte-compiling /home/inhwan/ros2_ws1/install/gazebo_tutorial/lib/python3.8/site-packages/gazebo_tutorial/controller.py to controller.cpython-38.pyc
[1.029s] byte-compiling /home/inhwan/ros2_ws1/install/gazebo_tutorial/lib/python3.8/site-packages/gazebo_tutorial/perplexity_reference.py to perplexity_reference.cpython-38.pyc
[1.029s] running install_data
[1.029s] creating /home/inhwan/ros2_ws1/install/gazebo_tutorial/share/ament_index
[1.030s] creating /home/inhwan/ros2_ws1/install/gazebo_tutorial/share/ament_index/resource_index
[1.030s] creating /home/inhwan/ros2_ws1/install/gazebo_tutorial/share/ament_index/resource_index/packages
[1.030s] copying resource/gazebo_tutorial -> /home/inhwan/ros2_ws1/install/gazebo_tutorial/share/ament_index/resource_index/packages
[1.030s] copying package.xml -> /home/inhwan/ros2_ws1/install/gazebo_tutorial/share/gazebo_tutorial
[1.030s] creating /home/inhwan/ros2_ws1/install/gazebo_tutorial/share/gazebo_tutorial/launch
[1.031s] copying launch/full.launch.py -> /home/inhwan/ros2_ws1/install/gazebo_tutorial/share/gazebo_tutorial/launch
[1.031s] copying launch/no_control.launch.py -> /home/inhwan/ros2_ws1/install/gazebo_tutorial/share/gazebo_tutorial/launch
[1.031s] copying launch/server_client.launch.py -> /home/inhwan/ros2_ws1/install/gazebo_tutorial/share/gazebo_tutorial/launch
[1.031s] copying launch/xacro_load.launch.py -> /home/inhwan/ros2_ws1/install/gazebo_tutorial/share/gazebo_tutorial/launch
[1.032s] creating /home/inhwan/ros2_ws1/install/gazebo_tutorial/share/gazebo_tutorial/vision60
[1.032s] copying vision60/vision60_single.urdf -> /home/inhwan/ros2_ws1/install/gazebo_tutorial/share/gazebo_tutorial/vision60
[1.032s] copying vision60/vision60_double.xacro -> /home/inhwan/ros2_ws1/install/gazebo_tutorial/share/gazebo_tutorial/vision60
[1.032s] copying vision60/plugin_control.xacro -> /home/inhwan/ros2_ws1/install/gazebo_tutorial/share/gazebo_tutorial/vision60
[1.032s] running install_egg_info
[1.033s] Copying ../../build/gazebo_tutorial/gazebo_tutorial.egg-info to /home/inhwan/ros2_ws1/install/gazebo_tutorial/lib/python3.8/site-packages/gazebo_tutorial-0.0.0-py3.8.egg-info
[1.033s] running install_scripts
[1.044s] Installing controller script to /home/inhwan/ros2_ws1/install/gazebo_tutorial/lib/gazebo_tutorial
[1.044s] writing list of installed files to '/home/inhwan/ros2_ws1/build/gazebo_tutorial/install.log'
[1.060s] Invoked command in '/home/inhwan/ros2_ws1/src/gazebo_tutorial' returned '0': PYTHONPATH=/home/inhwan/ros2_ws1/build/gazebo_tutorial/prefix_override:/usr/lib/python3/dist-packages/colcon_core/task/python/colcon_distutils_commands:/home/inhwan/ros2_ws1/install/gazebo_tutorial/lib/python3.8/site-packages:${PYTHONPATH} /usr/bin/python3 -W ignore:setup.py install is deprecated -W ignore:easy_install command is deprecated setup.py egg_info --egg-base ../../build/gazebo_tutorial build --build-base /home/inhwan/ros2_ws1/build/gazebo_tutorial/build install --record /home/inhwan/ros2_ws1/build/gazebo_tutorial/install.log --single-version-externally-managed install_data
