[0.153s] DEBUG:colcon:Command line arguments: ['/usr/bin/colcon', 'build']
[0.153s] DEBUG:colcon:Parsed command line arguments: Namespace(allow_overriding=[], ament_cmake_args=None, base_paths=['.'], build_base='build', catkin_cmake_args=None, catkin_skip_building_tests=False, cmake_args=None, cmake_clean_cache=False, cmake_clean_first=False, cmake_force_configure=False, cmake_target=None, cmake_target_skip_unavailable=False, continue_on_error=False, event_handlers=None, executor='parallel', ignore_user_meta=False, install_base='install', log_base=None, log_level=None, main=<bound method BuildVerb.main of <colcon_core.verb.build.BuildVerb object at 0x7f9d8707fac0>>, merge_install=False, metas=['./colcon.meta'], packages_above=None, packages_above_and_dependencies=None, packages_above_depth=None, packages_end=None, packages_ignore=None, packages_ignore_regex=None, packages_select=None, packages_select_build_failed=False, packages_select_by_dep=None, packages_select_regex=None, packages_select_test_failures=False, packages_skip=None, packages_skip_build_finished=False, packages_skip_by_dep=None, packages_skip_regex=None, packages_skip_test_passed=False, packages_skip_up_to=None, packages_start=None, packages_up_to=None, packages_up_to_regex=None, parallel_workers=16, paths=None, symlink_install=False, test_result_base=None, verb_extension=<colcon_core.verb.build.BuildVerb object at 0x7f9d8707fac0>, verb_name='build', verb_parser=<colcon_defaults.argument_parser.defaults.DefaultArgumentsDecorator object at 0x7f9d86f23b50>)
[0.275s] Level 1:colcon.colcon_core.package_discovery:discover_packages(colcon_meta) check parameters
[0.275s] Level 1:colcon.colcon_core.package_discovery:discover_packages(recursive) check parameters
[0.275s] Level 1:colcon.colcon_core.package_discovery:discover_packages(ignore) check parameters
[0.275s] Level 1:colcon.colcon_core.package_discovery:discover_packages(path) check parameters
[0.275s] Level 1:colcon.colcon_core.package_discovery:discover_packages(colcon_meta) discover
[0.275s] Level 1:colcon.colcon_core.package_discovery:discover_packages(recursive) discover
[0.275s] INFO:colcon.colcon_core.package_discovery:Crawling recursively for packages in '/home/inhwan/ros2_ws1/src'
[0.275s] Level 1:colcon.colcon_core.package_identification:_identify(.) by extensions ['ignore', 'ignore_ament_install']
[0.275s] Level 1:colcon.colcon_core.package_identification:_identify(.) by extension 'ignore'
[0.275s] Level 1:colcon.colcon_core.package_identification:_identify(.) by extension 'ignore_ament_install'
[0.275s] Level 1:colcon.colcon_core.package_identification:_identify(.) by extensions ['colcon_pkg']
[0.276s] Level 1:colcon.colcon_core.package_identification:_identify(.) by extension 'colcon_pkg'
[0.276s] Level 1:colcon.colcon_core.package_identification:_identify(.) by extensions ['colcon_meta']
[0.276s] Level 1:colcon.colcon_core.package_identification:_identify(.) by extension 'colcon_meta'
[0.276s] Level 1:colcon.colcon_core.package_identification:_identify(.) by extensions ['ros']
[0.276s] Level 1:colcon.colcon_core.package_identification:_identify(.) by extension 'ros'
[0.284s] Level 1:colcon.colcon_core.package_identification:_identify(.) by extensions ['cmake', 'python']
[0.284s] Level 1:colcon.colcon_core.package_identification:_identify(.) by extension 'cmake'
[0.284s] Level 1:colcon.colcon_core.package_identification:_identify(.) by extension 'python'
[0.284s] Level 1:colcon.colcon_core.package_identification:_identify(.) by extensions ['python_setup_py']
[0.284s] Level 1:colcon.colcon_core.package_identification:_identify(.) by extension 'python_setup_py'
[0.284s] Level 1:colcon.colcon_core.package_identification:_identify(build) by extensions ['ignore', 'ignore_ament_install']
[0.285s] Level 1:colcon.colcon_core.package_identification:_identify(build) by extension 'ignore'
[0.285s] Level 1:colcon.colcon_core.package_identification:_identify(build) ignored
[0.285s] Level 1:colcon.colcon_core.package_identification:_identify(four_wheel_robot) by extensions ['ignore', 'ignore_ament_install']
[0.285s] Level 1:colcon.colcon_core.package_identification:_identify(four_wheel_robot) by extension 'ignore'
[0.285s] Level 1:colcon.colcon_core.package_identification:_identify(four_wheel_robot) by extension 'ignore_ament_install'
[0.285s] Level 1:colcon.colcon_core.package_identification:_identify(four_wheel_robot) by extensions ['colcon_pkg']
[0.285s] Level 1:colcon.colcon_core.package_identification:_identify(four_wheel_robot) by extension 'colcon_pkg'
[0.285s] Level 1:colcon.colcon_core.package_identification:_identify(four_wheel_robot) by extensions ['colcon_meta']
[0.285s] Level 1:colcon.colcon_core.package_identification:_identify(four_wheel_robot) by extension 'colcon_meta'
[0.285s] Level 1:colcon.colcon_core.package_identification:_identify(four_wheel_robot) by extensions ['ros']
[0.285s] Level 1:colcon.colcon_core.package_identification:_identify(four_wheel_robot) by extension 'ros'
[0.287s] DEBUG:colcon.colcon_core.package_identification:Package 'four_wheel_robot' with type 'ros.ament_python' and name 'four_wheel_robot'
[0.287s] Level 1:colcon.colcon_core.package_identification:_identify(gazebo_tutorial) by extensions ['ignore', 'ignore_ament_install']
[0.287s] Level 1:colcon.colcon_core.package_identification:_identify(gazebo_tutorial) by extension 'ignore'
[0.287s] Level 1:colcon.colcon_core.package_identification:_identify(gazebo_tutorial) by extension 'ignore_ament_install'
[0.288s] Level 1:colcon.colcon_core.package_identification:_identify(gazebo_tutorial) by extensions ['colcon_pkg']
[0.288s] Level 1:colcon.colcon_core.package_identification:_identify(gazebo_tutorial) by extension 'colcon_pkg'
[0.288s] Level 1:colcon.colcon_core.package_identification:_identify(gazebo_tutorial) by extensions ['colcon_meta']
[0.288s] Level 1:colcon.colcon_core.package_identification:_identify(gazebo_tutorial) by extension 'colcon_meta'
[0.288s] Level 1:colcon.colcon_core.package_identification:_identify(gazebo_tutorial) by extensions ['ros']
[0.288s] Level 1:colcon.colcon_core.package_identification:_identify(gazebo_tutorial) by extension 'ros'
[0.288s] DEBUG:colcon.colcon_core.package_identification:Package 'gazebo_tutorial' with type 'ros.ament_python' and name 'gazebo_tutorial'
[0.288s] Level 1:colcon.colcon_core.package_identification:_identify(install) by extensions ['ignore', 'ignore_ament_install']
[0.288s] Level 1:colcon.colcon_core.package_identification:_identify(install) by extension 'ignore'
[0.288s] Level 1:colcon.colcon_core.package_identification:_identify(install) ignored
[0.288s] Level 1:colcon.colcon_core.package_identification:_identify(log) by extensions ['ignore', 'ignore_ament_install']
[0.288s] Level 1:colcon.colcon_core.package_identification:_identify(log) by extension 'ignore'
[0.288s] Level 1:colcon.colcon_core.package_identification:_identify(log) ignored
[0.288s] Level 1:colcon.colcon_core.package_identification:_identify(my_robot) by extensions ['ignore', 'ignore_ament_install']
[0.288s] Level 1:colcon.colcon_core.package_identification:_identify(my_robot) by extension 'ignore'
[0.289s] Level 1:colcon.colcon_core.package_identification:_identify(my_robot) by extension 'ignore_ament_install'
[0.289s] Level 1:colcon.colcon_core.package_identification:_identify(my_robot) by extensions ['colcon_pkg']
[0.289s] Level 1:colcon.colcon_core.package_identification:_identify(my_robot) by extension 'colcon_pkg'
[0.289s] Level 1:colcon.colcon_core.package_identification:_identify(my_robot) by extensions ['colcon_meta']
[0.289s] Level 1:colcon.colcon_core.package_identification:_identify(my_robot) by extension 'colcon_meta'
[0.289s] Level 1:colcon.colcon_core.package_identification:_identify(my_robot) by extensions ['ros']
[0.289s] Level 1:colcon.colcon_core.package_identification:_identify(my_robot) by extension 'ros'
[0.289s] DEBUG:colcon.colcon_core.package_identification:Package 'my_robot' with type 'ros.ament_python' and name 'my_robot'
[0.289s] Level 1:colcon.colcon_core.package_discovery:discover_packages(recursive) using defaults
[0.289s] Level 1:colcon.colcon_core.package_discovery:discover_packages(ignore) discover
[0.289s] Level 1:colcon.colcon_core.package_discovery:discover_packages(ignore) using defaults
[0.289s] Level 1:colcon.colcon_core.package_discovery:discover_packages(path) discover
[0.289s] Level 1:colcon.colcon_core.package_discovery:discover_packages(path) using defaults
[0.301s] Level 1:colcon.colcon_core.package_discovery:discover_packages(prefix_path) check parameters
[0.301s] Level 1:colcon.colcon_core.package_discovery:discover_packages(prefix_path) discover
[0.302s] DEBUG:colcon.colcon_installed_package_information.package_discovery:Found 3 installed packages in /home/inhwan/ros2_ws1/src/install
[0.302s] DEBUG:colcon.colcon_installed_package_information.package_discovery:Found 4 installed packages in /home/inhwan/ros2_ws1/install
[0.303s] DEBUG:colcon.colcon_installed_package_information.package_discovery:Found 291 installed packages in /opt/ros/foxy
[0.312s] Level 1:colcon.colcon_core.package_discovery:discover_packages(prefix_path) using defaults
[0.359s] Level 5:colcon.colcon_core.verb:set package 'four_wheel_robot' build argument 'cmake_args' from command line to 'None'
[0.359s] Level 5:colcon.colcon_core.verb:set package 'four_wheel_robot' build argument 'cmake_target' from command line to 'None'
[0.359s] Level 5:colcon.colcon_core.verb:set package 'four_wheel_robot' build argument 'cmake_target_skip_unavailable' from command line to 'False'
[0.359s] Level 5:colcon.colcon_core.verb:set package 'four_wheel_robot' build argument 'cmake_clean_cache' from command line to 'False'
[0.359s] Level 5:colcon.colcon_core.verb:set package 'four_wheel_robot' build argument 'cmake_clean_first' from command line to 'False'
[0.359s] Level 5:colcon.colcon_core.verb:set package 'four_wheel_robot' build argument 'cmake_force_configure' from command line to 'False'
[0.359s] Level 5:colcon.colcon_core.verb:set package 'four_wheel_robot' build argument 'ament_cmake_args' from command line to 'None'
[0.359s] Level 5:colcon.colcon_core.verb:set package 'four_wheel_robot' build argument 'catkin_cmake_args' from command line to 'None'
[0.359s] Level 5:colcon.colcon_core.verb:set package 'four_wheel_robot' build argument 'catkin_skip_building_tests' from command line to 'False'
[0.359s] DEBUG:colcon.colcon_core.verb:Building package 'four_wheel_robot' with the following arguments: {'ament_cmake_args': None, 'build_base': '/home/inhwan/ros2_ws1/src/build/four_wheel_robot', 'catkin_cmake_args': None, 'catkin_skip_building_tests': False, 'cmake_args': None, 'cmake_clean_cache': False, 'cmake_clean_first': False, 'cmake_force_configure': False, 'cmake_target': None, 'cmake_target_skip_unavailable': False, 'install_base': '/home/inhwan/ros2_ws1/src/install/four_wheel_robot', 'merge_install': False, 'path': '/home/inhwan/ros2_ws1/src/four_wheel_robot', 'symlink_install': False, 'test_result_base': None}
[0.360s] Level 5:colcon.colcon_core.verb:set package 'gazebo_tutorial' build argument 'cmake_args' from command line to 'None'
[0.360s] Level 5:colcon.colcon_core.verb:set package 'gazebo_tutorial' build argument 'cmake_target' from command line to 'None'
[0.360s] Level 5:colcon.colcon_core.verb:set package 'gazebo_tutorial' build argument 'cmake_target_skip_unavailable' from command line to 'False'
[0.360s] Level 5:colcon.colcon_core.verb:set package 'gazebo_tutorial' build argument 'cmake_clean_cache' from command line to 'False'
[0.360s] Level 5:colcon.colcon_core.verb:set package 'gazebo_tutorial' build argument 'cmake_clean_first' from command line to 'False'
[0.360s] Level 5:colcon.colcon_core.verb:set package 'gazebo_tutorial' build argument 'cmake_force_configure' from command line to 'False'
[0.360s] Level 5:colcon.colcon_core.verb:set package 'gazebo_tutorial' build argument 'ament_cmake_args' from command line to 'None'
[0.360s] Level 5:colcon.colcon_core.verb:set package 'gazebo_tutorial' build argument 'catkin_cmake_args' from command line to 'None'
[0.360s] Level 5:colcon.colcon_core.verb:set package 'gazebo_tutorial' build argument 'catkin_skip_building_tests' from command line to 'False'
[0.360s] DEBUG:colcon.colcon_core.verb:Building package 'gazebo_tutorial' with the following arguments: {'ament_cmake_args': None, 'build_base': '/home/inhwan/ros2_ws1/src/build/gazebo_tutorial', 'catkin_cmake_args': None, 'catkin_skip_building_tests': False, 'cmake_args': None, 'cmake_clean_cache': False, 'cmake_clean_first': False, 'cmake_force_configure': False, 'cmake_target': None, 'cmake_target_skip_unavailable': False, 'install_base': '/home/inhwan/ros2_ws1/src/install/gazebo_tutorial', 'merge_install': False, 'path': '/home/inhwan/ros2_ws1/src/gazebo_tutorial', 'symlink_install': False, 'test_result_base': None}
[0.360s] Level 5:colcon.colcon_core.verb:set package 'my_robot' build argument 'cmake_args' from command line to 'None'
[0.360s] Level 5:colcon.colcon_core.verb:set package 'my_robot' build argument 'cmake_target' from command line to 'None'
[0.360s] Level 5:colcon.colcon_core.verb:set package 'my_robot' build argument 'cmake_target_skip_unavailable' from command line to 'False'
[0.360s] Level 5:colcon.colcon_core.verb:set package 'my_robot' build argument 'cmake_clean_cache' from command line to 'False'
[0.360s] Level 5:colcon.colcon_core.verb:set package 'my_robot' build argument 'cmake_clean_first' from command line to 'False'
[0.360s] Level 5:colcon.colcon_core.verb:set package 'my_robot' build argument 'cmake_force_configure' from command line to 'False'
[0.360s] Level 5:colcon.colcon_core.verb:set package 'my_robot' build argument 'ament_cmake_args' from command line to 'None'
[0.360s] Level 5:colcon.colcon_core.verb:set package 'my_robot' build argument 'catkin_cmake_args' from command line to 'None'
[0.360s] Level 5:colcon.colcon_core.verb:set package 'my_robot' build argument 'catkin_skip_building_tests' from command line to 'False'
[0.360s] DEBUG:colcon.colcon_core.verb:Building package 'my_robot' with the following arguments: {'ament_cmake_args': None, 'build_base': '/home/inhwan/ros2_ws1/src/build/my_robot', 'catkin_cmake_args': None, 'catkin_skip_building_tests': False, 'cmake_args': None, 'cmake_clean_cache': False, 'cmake_clean_first': False, 'cmake_force_configure': False, 'cmake_target': None, 'cmake_target_skip_unavailable': False, 'install_base': '/home/inhwan/ros2_ws1/src/install/my_robot', 'merge_install': False, 'path': '/home/inhwan/ros2_ws1/src/my_robot', 'symlink_install': False, 'test_result_base': None}
[0.360s] INFO:colcon.colcon_core.executor:Executing jobs using 'parallel' executor
[0.361s] DEBUG:colcon.colcon_parallel_executor.executor.parallel:run_until_complete
[0.361s] INFO:colcon.colcon_ros.task.ament_python.build:Building ROS package in '/home/inhwan/ros2_ws1/src/four_wheel_robot' with build type 'ament_python'
[0.361s] Level 1:colcon.colcon_core.shell:create_environment_hook('four_wheel_robot', 'ament_prefix_path')
[0.363s] INFO:colcon.colcon_core.plugin_system:Skipping extension 'colcon_core.shell.bat': Not used on non-Windows systems
[0.363s] INFO:colcon.colcon_core.shell:Creating environment hook '/home/inhwan/ros2_ws1/src/install/four_wheel_robot/share/four_wheel_robot/hook/ament_prefix_path.ps1'
[0.363s] INFO:colcon.colcon_core.shell:Creating environment descriptor '/home/inhwan/ros2_ws1/src/install/four_wheel_robot/share/four_wheel_robot/hook/ament_prefix_path.dsv'
[0.364s] INFO:colcon.colcon_core.shell:Creating environment hook '/home/inhwan/ros2_ws1/src/install/four_wheel_robot/share/four_wheel_robot/hook/ament_prefix_path.sh'
[0.364s] INFO:colcon.colcon_core.shell:Skip shell extension 'powershell' for command environment: Not usable outside of PowerShell
[0.364s] DEBUG:colcon.colcon_core.shell:Skip shell extension 'dsv' for command environment
[0.368s] INFO:colcon.colcon_ros.task.ament_python.build:Building ROS package in '/home/inhwan/ros2_ws1/src/gazebo_tutorial' with build type 'ament_python'
[0.368s] Level 1:colcon.colcon_core.shell:create_environment_hook('gazebo_tutorial', 'ament_prefix_path')
[0.368s] INFO:colcon.colcon_core.shell:Creating environment hook '/home/inhwan/ros2_ws1/src/install/gazebo_tutorial/share/gazebo_tutorial/hook/ament_prefix_path.ps1'
[0.369s] INFO:colcon.colcon_core.shell:Creating environment descriptor '/home/inhwan/ros2_ws1/src/install/gazebo_tutorial/share/gazebo_tutorial/hook/ament_prefix_path.dsv'
[0.369s] INFO:colcon.colcon_core.shell:Creating environment hook '/home/inhwan/ros2_ws1/src/install/gazebo_tutorial/share/gazebo_tutorial/hook/ament_prefix_path.sh'
[0.370s] INFO:colcon.colcon_core.shell:Skip shell extension 'powershell' for command environment: Not usable outside of PowerShell
[0.370s] DEBUG:colcon.colcon_core.shell:Skip shell extension 'dsv' for command environment
[0.373s] INFO:colcon.colcon_ros.task.ament_python.build:Building ROS package in '/home/inhwan/ros2_ws1/src/my_robot' with build type 'ament_python'
[0.373s] Level 1:colcon.colcon_core.shell:create_environment_hook('my_robot', 'ament_prefix_path')
[0.373s] INFO:colcon.colcon_core.shell:Creating environment hook '/home/inhwan/ros2_ws1/src/install/my_robot/share/my_robot/hook/ament_prefix_path.ps1'
[0.374s] INFO:colcon.colcon_core.shell:Creating environment descriptor '/home/inhwan/ros2_ws1/src/install/my_robot/share/my_robot/hook/ament_prefix_path.dsv'
[0.374s] INFO:colcon.colcon_core.shell:Creating environment hook '/home/inhwan/ros2_ws1/src/install/my_robot/share/my_robot/hook/ament_prefix_path.sh'
[0.375s] INFO:colcon.colcon_core.shell:Skip shell extension 'powershell' for command environment: Not usable outside of PowerShell
[0.375s] DEBUG:colcon.colcon_core.shell:Skip shell extension 'dsv' for command environment
[0.556s] INFO:colcon.colcon_core.task.python.build:Building Python package in '/home/inhwan/ros2_ws1/src/four_wheel_robot'
[0.556s] INFO:colcon.colcon_core.shell:Skip shell extension 'powershell' for command environment: Not usable outside of PowerShell
[0.556s] DEBUG:colcon.colcon_core.shell:Skip shell extension 'dsv' for command environment
[0.731s] INFO:colcon.colcon_core.task.python.build:Building Python package in '/home/inhwan/ros2_ws1/src/gazebo_tutorial'
[0.731s] INFO:colcon.colcon_core.shell:Skip shell extension 'powershell' for command environment: Not usable outside of PowerShell
[0.731s] DEBUG:colcon.colcon_core.shell:Skip shell extension 'dsv' for command environment
[0.917s] INFO:colcon.colcon_core.task.python.build:Building Python package in '/home/inhwan/ros2_ws1/src/my_robot'
[0.917s] INFO:colcon.colcon_core.shell:Skip shell extension 'powershell' for command environment: Not usable outside of PowerShell
[0.917s] DEBUG:colcon.colcon_core.shell:Skip shell extension 'dsv' for command environment
[1.243s] DEBUG:colcon.colcon_core.event_handler.log_command:Invoking command in '/home/inhwan/ros2_ws1/src/gazebo_tutorial': PYTHONPATH=/home/inhwan/ros2_ws1/src/build/gazebo_tutorial/prefix_override:/usr/lib/python3/dist-packages/colcon_core/task/python/colcon_distutils_commands:/home/inhwan/ros2_ws1/src/install/gazebo_tutorial/lib/python3.8/site-packages:${PYTHONPATH} /usr/bin/python3 -W ignore:setup.py install is deprecated -W ignore:easy_install command is deprecated setup.py egg_info --egg-base ../build/gazebo_tutorial build --build-base /home/inhwan/ros2_ws1/src/build/gazebo_tutorial/build install --record /home/inhwan/ros2_ws1/src/build/gazebo_tutorial/install.log --single-version-externally-managed install_data
[1.253s] DEBUG:colcon.colcon_core.event_handler.log_command:Invoking command in '/home/inhwan/ros2_ws1/src/my_robot': PYTHONPATH=/home/inhwan/ros2_ws1/src/build/my_robot/prefix_override:/usr/lib/python3/dist-packages/colcon_core/task/python/colcon_distutils_commands:/home/inhwan/ros2_ws1/src/install/my_robot/lib/python3.8/site-packages:${PYTHONPATH} /usr/bin/python3 -W ignore:setup.py install is deprecated -W ignore:easy_install command is deprecated setup.py egg_info --egg-base ../build/my_robot build --build-base /home/inhwan/ros2_ws1/src/build/my_robot/build install --record /home/inhwan/ros2_ws1/src/build/my_robot/install.log --install-scripts $base/lib/my_robot --single-version-externally-managed install_data
[1.258s] DEBUG:colcon.colcon_core.event_handler.log_command:Invoking command in '/home/inhwan/ros2_ws1/src/four_wheel_robot': PYTHONPATH=/home/inhwan/ros2_ws1/src/build/four_wheel_robot/prefix_override:/usr/lib/python3/dist-packages/colcon_core/task/python/colcon_distutils_commands:/home/inhwan/ros2_ws1/src/install/four_wheel_robot/lib/python3.8/site-packages:${PYTHONPATH} /usr/bin/python3 -W ignore:setup.py install is deprecated -W ignore:easy_install command is deprecated setup.py egg_info --egg-base ../build/four_wheel_robot build --build-base /home/inhwan/ros2_ws1/src/build/four_wheel_robot/build install --record /home/inhwan/ros2_ws1/src/build/four_wheel_robot/install.log --install-scripts $base/lib/4_wheel_robot --single-version-externally-managed install_data
[1.471s] DEBUG:colcon.colcon_core.event_handler.log_command:Invoked command in '/home/inhwan/ros2_ws1/src/my_robot' returned '0': PYTHONPATH=/home/inhwan/ros2_ws1/src/build/my_robot/prefix_override:/usr/lib/python3/dist-packages/colcon_core/task/python/colcon_distutils_commands:/home/inhwan/ros2_ws1/src/install/my_robot/lib/python3.8/site-packages:${PYTHONPATH} /usr/bin/python3 -W ignore:setup.py install is deprecated -W ignore:easy_install command is deprecated setup.py egg_info --egg-base ../build/my_robot build --build-base /home/inhwan/ros2_ws1/src/build/my_robot/build install --record /home/inhwan/ros2_ws1/src/build/my_robot/install.log --install-scripts $base/lib/my_robot --single-version-externally-managed install_data
[1.474s] Level 1:colcon.colcon_core.environment:checking '/home/inhwan/ros2_ws1/src/install/my_robot' for CMake module files
[1.474s] Level 1:colcon.colcon_core.environment:checking '/home/inhwan/ros2_ws1/src/install/my_robot' for CMake config files
[1.475s] Level 1:colcon.colcon_core.environment:checking '/home/inhwan/ros2_ws1/src/install/my_robot/lib'
[1.475s] Level 1:colcon.colcon_core.environment:checking '/home/inhwan/ros2_ws1/src/install/my_robot/bin'
[1.475s] Level 1:colcon.colcon_core.environment:checking '/home/inhwan/ros2_ws1/src/install/my_robot/lib/pkgconfig/my_robot.pc'
[1.475s] Level 1:colcon.colcon_core.environment:checking '/home/inhwan/ros2_ws1/src/install/my_robot/lib/python3.8/site-packages'
[1.475s] Level 1:colcon.colcon_core.shell:create_environment_hook('my_robot', 'pythonpath')
[1.475s] INFO:colcon.colcon_core.shell:Creating environment hook '/home/inhwan/ros2_ws1/src/install/my_robot/share/my_robot/hook/pythonpath.ps1'
[1.476s] INFO:colcon.colcon_core.shell:Creating environment descriptor '/home/inhwan/ros2_ws1/src/install/my_robot/share/my_robot/hook/pythonpath.dsv'
[1.476s] INFO:colcon.colcon_core.shell:Creating environment hook '/home/inhwan/ros2_ws1/src/install/my_robot/share/my_robot/hook/pythonpath.sh'
[1.476s] Level 1:colcon.colcon_core.environment:checking '/home/inhwan/ros2_ws1/src/install/my_robot/bin'
[1.476s] Level 1:colcon.colcon_core.environment:create_environment_scripts_only(my_robot)
[1.476s] INFO:colcon.colcon_core.shell:Creating package script '/home/inhwan/ros2_ws1/src/install/my_robot/share/my_robot/package.ps1'
[1.477s] INFO:colcon.colcon_core.shell:Creating package descriptor '/home/inhwan/ros2_ws1/src/install/my_robot/share/my_robot/package.dsv'
[1.477s] INFO:colcon.colcon_core.shell:Creating package script '/home/inhwan/ros2_ws1/src/install/my_robot/share/my_robot/package.sh'
[1.478s] INFO:colcon.colcon_core.shell:Creating package script '/home/inhwan/ros2_ws1/src/install/my_robot/share/my_robot/package.bash'
[1.478s] INFO:colcon.colcon_core.shell:Creating package script '/home/inhwan/ros2_ws1/src/install/my_robot/share/my_robot/package.zsh'
[1.479s] Level 1:colcon.colcon_core.environment:create_file_with_runtime_dependencies(/home/inhwan/ros2_ws1/src/install/my_robot/share/colcon-core/packages/my_robot)
[1.481s] Level 1:colcon.colcon_core.environment:checking '/home/inhwan/ros2_ws1/src/install/four_wheel_robot' for CMake module files
[1.482s] DEBUG:colcon.colcon_core.event_handler.log_command:Invoked command in '/home/inhwan/ros2_ws1/src/four_wheel_robot' returned '0': PYTHONPATH=/home/inhwan/ros2_ws1/src/build/four_wheel_robot/prefix_override:/usr/lib/python3/dist-packages/colcon_core/task/python/colcon_distutils_commands:/home/inhwan/ros2_ws1/src/install/four_wheel_robot/lib/python3.8/site-packages:${PYTHONPATH} /usr/bin/python3 -W ignore:setup.py install is deprecated -W ignore:easy_install command is deprecated setup.py egg_info --egg-base ../build/four_wheel_robot build --build-base /home/inhwan/ros2_ws1/src/build/four_wheel_robot/build install --record /home/inhwan/ros2_ws1/src/build/four_wheel_robot/install.log --install-scripts $base/lib/4_wheel_robot --single-version-externally-managed install_data
[1.482s] Level 1:colcon.colcon_core.environment:checking '/home/inhwan/ros2_ws1/src/install/four_wheel_robot' for CMake config files
[1.483s] Level 1:colcon.colcon_core.environment:checking '/home/inhwan/ros2_ws1/src/install/four_wheel_robot/lib'
[1.483s] Level 1:colcon.colcon_core.environment:checking '/home/inhwan/ros2_ws1/src/install/four_wheel_robot/bin'
[1.483s] Level 1:colcon.colcon_core.environment:checking '/home/inhwan/ros2_ws1/src/install/four_wheel_robot/lib/pkgconfig/four_wheel_robot.pc'
[1.483s] Level 1:colcon.colcon_core.environment:checking '/home/inhwan/ros2_ws1/src/install/four_wheel_robot/lib/python3.8/site-packages'
[1.483s] Level 1:colcon.colcon_core.shell:create_environment_hook('four_wheel_robot', 'pythonpath')
[1.483s] INFO:colcon.colcon_core.shell:Creating environment hook '/home/inhwan/ros2_ws1/src/install/four_wheel_robot/share/four_wheel_robot/hook/pythonpath.ps1'
[1.483s] INFO:colcon.colcon_core.shell:Creating environment descriptor '/home/inhwan/ros2_ws1/src/install/four_wheel_robot/share/four_wheel_robot/hook/pythonpath.dsv'
[1.484s] INFO:colcon.colcon_core.shell:Creating environment hook '/home/inhwan/ros2_ws1/src/install/four_wheel_robot/share/four_wheel_robot/hook/pythonpath.sh'
[1.484s] Level 1:colcon.colcon_core.environment:checking '/home/inhwan/ros2_ws1/src/install/four_wheel_robot/bin'
[1.484s] Level 1:colcon.colcon_core.environment:create_environment_scripts_only(four_wheel_robot)
[1.484s] INFO:colcon.colcon_core.shell:Creating package script '/home/inhwan/ros2_ws1/src/install/four_wheel_robot/share/four_wheel_robot/package.ps1'
[1.485s] INFO:colcon.colcon_core.shell:Creating package descriptor '/home/inhwan/ros2_ws1/src/install/four_wheel_robot/share/four_wheel_robot/package.dsv'
[1.485s] INFO:colcon.colcon_core.shell:Creating package script '/home/inhwan/ros2_ws1/src/install/four_wheel_robot/share/four_wheel_robot/package.sh'
[1.486s] INFO:colcon.colcon_core.shell:Creating package script '/home/inhwan/ros2_ws1/src/install/four_wheel_robot/share/four_wheel_robot/package.bash'
[1.486s] INFO:colcon.colcon_core.shell:Creating package script '/home/inhwan/ros2_ws1/src/install/four_wheel_robot/share/four_wheel_robot/package.zsh'
[1.486s] Level 1:colcon.colcon_core.environment:create_file_with_runtime_dependencies(/home/inhwan/ros2_ws1/src/install/four_wheel_robot/share/colcon-core/packages/four_wheel_robot)
[1.526s] Level 1:colcon.colcon_core.environment:checking '/home/inhwan/ros2_ws1/src/install/gazebo_tutorial' for CMake module files
[1.526s] DEBUG:colcon.colcon_core.event_handler.log_command:Invoked command in '/home/inhwan/ros2_ws1/src/gazebo_tutorial' returned '0': PYTHONPATH=/home/inhwan/ros2_ws1/src/build/gazebo_tutorial/prefix_override:/usr/lib/python3/dist-packages/colcon_core/task/python/colcon_distutils_commands:/home/inhwan/ros2_ws1/src/install/gazebo_tutorial/lib/python3.8/site-packages:${PYTHONPATH} /usr/bin/python3 -W ignore:setup.py install is deprecated -W ignore:easy_install command is deprecated setup.py egg_info --egg-base ../build/gazebo_tutorial build --build-base /home/inhwan/ros2_ws1/src/build/gazebo_tutorial/build install --record /home/inhwan/ros2_ws1/src/build/gazebo_tutorial/install.log --single-version-externally-managed install_data
[1.526s] Level 1:colcon.colcon_core.environment:checking '/home/inhwan/ros2_ws1/src/install/gazebo_tutorial' for CMake config files
[1.527s] Level 1:colcon.colcon_core.environment:checking '/home/inhwan/ros2_ws1/src/install/gazebo_tutorial/lib'
[1.527s] Level 1:colcon.colcon_core.environment:checking '/home/inhwan/ros2_ws1/src/install/gazebo_tutorial/bin'
[1.527s] Level 1:colcon.colcon_core.environment:checking '/home/inhwan/ros2_ws1/src/install/gazebo_tutorial/lib/pkgconfig/gazebo_tutorial.pc'
[1.527s] Level 1:colcon.colcon_core.environment:checking '/home/inhwan/ros2_ws1/src/install/gazebo_tutorial/lib/python3.8/site-packages'
[1.527s] Level 1:colcon.colcon_core.shell:create_environment_hook('gazebo_tutorial', 'pythonpath')
[1.527s] INFO:colcon.colcon_core.shell:Creating environment hook '/home/inhwan/ros2_ws1/src/install/gazebo_tutorial/share/gazebo_tutorial/hook/pythonpath.ps1'
[1.528s] INFO:colcon.colcon_core.shell:Creating environment descriptor '/home/inhwan/ros2_ws1/src/install/gazebo_tutorial/share/gazebo_tutorial/hook/pythonpath.dsv'
[1.528s] INFO:colcon.colcon_core.shell:Creating environment hook '/home/inhwan/ros2_ws1/src/install/gazebo_tutorial/share/gazebo_tutorial/hook/pythonpath.sh'
[1.528s] Level 1:colcon.colcon_core.environment:checking '/home/inhwan/ros2_ws1/src/install/gazebo_tutorial/bin'
[1.528s] Level 1:colcon.colcon_core.environment:create_environment_scripts_only(gazebo_tutorial)
[1.528s] INFO:colcon.colcon_core.shell:Creating package script '/home/inhwan/ros2_ws1/src/install/gazebo_tutorial/share/gazebo_tutorial/package.ps1'
[1.529s] INFO:colcon.colcon_core.shell:Creating package descriptor '/home/inhwan/ros2_ws1/src/install/gazebo_tutorial/share/gazebo_tutorial/package.dsv'
[1.529s] INFO:colcon.colcon_core.shell:Creating package script '/home/inhwan/ros2_ws1/src/install/gazebo_tutorial/share/gazebo_tutorial/package.sh'
[1.529s] INFO:colcon.colcon_core.shell:Creating package script '/home/inhwan/ros2_ws1/src/install/gazebo_tutorial/share/gazebo_tutorial/package.bash'
[1.530s] INFO:colcon.colcon_core.shell:Creating package script '/home/inhwan/ros2_ws1/src/install/gazebo_tutorial/share/gazebo_tutorial/package.zsh'
[1.530s] Level 1:colcon.colcon_core.environment:create_file_with_runtime_dependencies(/home/inhwan/ros2_ws1/src/install/gazebo_tutorial/share/colcon-core/packages/gazebo_tutorial)
[1.530s] DEBUG:colcon.colcon_parallel_executor.executor.parallel:closing loop
[1.530s] DEBUG:colcon.colcon_parallel_executor.executor.parallel:loop closed
[1.530s] DEBUG:colcon.colcon_parallel_executor.executor.parallel:run_until_complete finished with '0'
[1.530s] DEBUG:colcon.colcon_core.event_reactor:joining thread
[1.534s] INFO:colcon.colcon_core.plugin_system:Skipping extension 'colcon_notification.desktop_notification.terminal_notifier': Not used on non-Darwin systems
[1.534s] INFO:colcon.colcon_core.plugin_system:Skipping extension 'colcon_notification.desktop_notification.win32': Not used on non-Windows systems
[1.534s] INFO:colcon.colcon_notification.desktop_notification:Sending desktop notification using 'notify2'
[1.544s] DEBUG:colcon.colcon_core.event_reactor:joined thread
[1.544s] INFO:colcon.colcon_core.shell:Creating prefix script '/home/inhwan/ros2_ws1/src/install/local_setup.ps1'
[1.545s] INFO:colcon.colcon_core.shell:Creating prefix util module '/home/inhwan/ros2_ws1/src/install/_local_setup_util_ps1.py'
[1.546s] INFO:colcon.colcon_core.shell:Creating prefix chain script '/home/inhwan/ros2_ws1/src/install/setup.ps1'
[1.547s] INFO:colcon.colcon_core.shell:Creating prefix script '/home/inhwan/ros2_ws1/src/install/local_setup.sh'
[1.547s] INFO:colcon.colcon_core.shell:Creating prefix util module '/home/inhwan/ros2_ws1/src/install/_local_setup_util_sh.py'
[1.548s] INFO:colcon.colcon_core.shell:Creating prefix chain script '/home/inhwan/ros2_ws1/src/install/setup.sh'
[1.549s] INFO:colcon.colcon_core.shell:Creating prefix script '/home/inhwan/ros2_ws1/src/install/local_setup.bash'
[1.550s] INFO:colcon.colcon_core.shell:Creating prefix chain script '/home/inhwan/ros2_ws1/src/install/setup.bash'
[1.551s] INFO:colcon.colcon_core.shell:Creating prefix script '/home/inhwan/ros2_ws1/src/install/local_setup.zsh'
[1.551s] INFO:colcon.colcon_core.shell:Creating prefix chain script '/home/inhwan/ros2_ws1/src/install/setup.zsh'
